Archive member included to satisfy reference by file (symbol)

d:/st/stm32cubeide_1.4.0/stm32cubeide/plugins/com.st.stm32cube.ide.mcu.externaltools.gnu-tools-for-stm32.7-2018-q2-update.win32_1.5.0.202011040924/tools/bin/../lib/gcc/arm-none-eabi/7.3.1/../../../../arm-none-eabi/lib/thumb/v7-m\libc_nano.a(lib_a-errno.o)
                              Core/Src/syscalls.o (__errno)
d:/st/stm32cubeide_1.4.0/stm32cubeide/plugins/com.st.stm32cube.ide.mcu.externaltools.gnu-tools-for-stm32.7-2018-q2-update.win32_1.5.0.202011040924/tools/bin/../lib/gcc/arm-none-eabi/7.3.1/../../../../arm-none-eabi/lib/thumb/v7-m\libc_nano.a(lib_a-exit.o)
                              d:/st/stm32cubeide_1.4.0/stm32cubeide/plugins/com.st.stm32cube.ide.mcu.externaltools.gnu-tools-for-stm32.7-2018-q2-update.win32_1.5.0.202011040924/tools/bin/../lib/gcc/arm-none-eabi/7.3.1/../../../../arm-none-eabi/lib/thumb/v7-m/crt0.o (exit)
d:/st/stm32cubeide_1.4.0/stm32cubeide/plugins/com.st.stm32cube.ide.mcu.externaltools.gnu-tools-for-stm32.7-2018-q2-update.win32_1.5.0.202011040924/tools/bin/../lib/gcc/arm-none-eabi/7.3.1/../../../../arm-none-eabi/lib/thumb/v7-m\libc_nano.a(lib_a-impure.o)
                              d:/st/stm32cubeide_1.4.0/stm32cubeide/plugins/com.st.stm32cube.ide.mcu.externaltools.gnu-tools-for-stm32.7-2018-q2-update.win32_1.5.0.202011040924/tools/bin/../lib/gcc/arm-none-eabi/7.3.1/../../../../arm-none-eabi/lib/thumb/v7-m\libc_nano.a(lib_a-exit.o) (_global_impure_ptr)
d:/st/stm32cubeide_1.4.0/stm32cubeide/plugins/com.st.stm32cube.ide.mcu.externaltools.gnu-tools-for-stm32.7-2018-q2-update.win32_1.5.0.202011040924/tools/bin/../lib/gcc/arm-none-eabi/7.3.1/../../../../arm-none-eabi/lib/thumb/v7-m\libc_nano.a(lib_a-init.o)
                              d:/st/stm32cubeide_1.4.0/stm32cubeide/plugins/com.st.stm32cube.ide.mcu.externaltools.gnu-tools-for-stm32.7-2018-q2-update.win32_1.5.0.202011040924/tools/bin/../lib/gcc/arm-none-eabi/7.3.1/../../../../arm-none-eabi/lib/thumb/v7-m/crt0.o (__libc_init_array)
d:/st/stm32cubeide_1.4.0/stm32cubeide/plugins/com.st.stm32cube.ide.mcu.externaltools.gnu-tools-for-stm32.7-2018-q2-update.win32_1.5.0.202011040924/tools/bin/../lib/gcc/arm-none-eabi/7.3.1/../../../../arm-none-eabi/lib/thumb/v7-m\libc_nano.a(lib_a-memset.o)
                              d:/st/stm32cubeide_1.4.0/stm32cubeide/plugins/com.st.stm32cube.ide.mcu.externaltools.gnu-tools-for-stm32.7-2018-q2-update.win32_1.5.0.202011040924/tools/bin/../lib/gcc/arm-none-eabi/7.3.1/../../../../arm-none-eabi/lib/thumb/v7-m/crt0.o (memset)
d:/st/stm32cubeide_1.4.0/stm32cubeide/plugins/com.st.stm32cube.ide.mcu.externaltools.gnu-tools-for-stm32.7-2018-q2-update.win32_1.5.0.202011040924/tools/bin/../lib/gcc/arm-none-eabi/7.3.1/../../../../arm-none-eabi/lib/thumb/v7-m\libc_nano.a(lib_a-sprintf.o)
                              Core/Src/main.o (sprintf)
d:/st/stm32cubeide_1.4.0/stm32cubeide/plugins/com.st.stm32cube.ide.mcu.externaltools.gnu-tools-for-stm32.7-2018-q2-update.win32_1.5.0.202011040924/tools/bin/../lib/gcc/arm-none-eabi/7.3.1/../../../../arm-none-eabi/lib/thumb/v7-m\libc_nano.a(lib_a-strcmp.o)
                              Core/Src/main.o (strcmp)
d:/st/stm32cubeide_1.4.0/stm32cubeide/plugins/com.st.stm32cube.ide.mcu.externaltools.gnu-tools-for-stm32.7-2018-q2-update.win32_1.5.0.202011040924/tools/bin/../lib/gcc/arm-none-eabi/7.3.1/../../../../arm-none-eabi/lib/thumb/v7-m\libc_nano.a(lib_a-strlen.o)
                              Core/Src/FlASH_PAGE.o (strlen)
d:/st/stm32cubeide_1.4.0/stm32cubeide/plugins/com.st.stm32cube.ide.mcu.externaltools.gnu-tools-for-stm32.7-2018-q2-update.win32_1.5.0.202011040924/tools/bin/../lib/gcc/arm-none-eabi/7.3.1/../../../../arm-none-eabi/lib/thumb/v7-m\libc_nano.a(lib_a-vsprintf.o)
                              Core/Src/main.o (vsprintf)
d:/st/stm32cubeide_1.4.0/stm32cubeide/plugins/com.st.stm32cube.ide.mcu.externaltools.gnu-tools-for-stm32.7-2018-q2-update.win32_1.5.0.202011040924/tools/bin/../lib/gcc/arm-none-eabi/7.3.1/../../../../arm-none-eabi/lib/thumb/v7-m\libc_nano.a(lib_a-nano-svfprintf.o)
                              d:/st/stm32cubeide_1.4.0/stm32cubeide/plugins/com.st.stm32cube.ide.mcu.externaltools.gnu-tools-for-stm32.7-2018-q2-update.win32_1.5.0.202011040924/tools/bin/../lib/gcc/arm-none-eabi/7.3.1/../../../../arm-none-eabi/lib/thumb/v7-m\libc_nano.a(lib_a-sprintf.o) (_svfprintf_r)
d:/st/stm32cubeide_1.4.0/stm32cubeide/plugins/com.st.stm32cube.ide.mcu.externaltools.gnu-tools-for-stm32.7-2018-q2-update.win32_1.5.0.202011040924/tools/bin/../lib/gcc/arm-none-eabi/7.3.1/../../../../arm-none-eabi/lib/thumb/v7-m\libc_nano.a(lib_a-nano-vfprintf_i.o)
                              d:/st/stm32cubeide_1.4.0/stm32cubeide/plugins/com.st.stm32cube.ide.mcu.externaltools.gnu-tools-for-stm32.7-2018-q2-update.win32_1.5.0.202011040924/tools/bin/../lib/gcc/arm-none-eabi/7.3.1/../../../../arm-none-eabi/lib/thumb/v7-m\libc_nano.a(lib_a-nano-svfprintf.o) (_printf_i)
[...]
Memory Configuration

Name             Origin             Length             Attributes
RAM              0x0000000020000000 0x0000000000005000 xrw
FLASH            0x0000000008000000 0x0000000000020000 xr
*default*        0x0000000000000000 0xffffffffffffffff

Linker script and memory map

LOAD d:/st/stm32cubeide_1.4.0/stm32cubeide/plugins/com.st.stm32cube.ide.mcu.externaltools.gnu-tools-for-stm32.7-2018-q2-update.win32_1.5.0.202011040924/tools/bin/../lib/gcc/arm-none-eabi/7.3.1/thumb/v7-m/crti.o
LOAD d:/st/stm32cubeide_1.4.0/stm32cubeide/plugins/com.st.stm32cube.ide.mcu.externaltools.gnu-tools-for-stm32.7-2018-q2-update.win32_1.5.0.202011040924/tools/bin/../lib/gcc/arm-none-eabi/7.3.1/thumb/v7-m/crtbegin.o
LOAD d:/st/stm32cubeide_1.4.0/stm32cubeide/plugins/com.st.stm32cube.ide.mcu.externaltools.gnu-tools-for-stm32.7-2018-q2-update.win32_1.5.0.202011040924/tools/bin/../lib/gcc/arm-none-eabi/7.3.1/../../../../arm-none-eabi/lib/thumb/v7-m/crt0.o
LOAD Core/Src/FlASH_PAGE.o
LOAD Core/Src/gpio.o
LOAD Core/Src/i2c.o
LOAD Core/Src/lcd_i2c.o
LOAD Core/Src/main.o
LOAD Core/Src/servo.o
LOAD Core/Src/stm32f1xx_hal_msp.o
LOAD Core/Src/stm32f1xx_it.o
LOAD Core/Src/syscalls.o
LOAD Core/Src/sysmem.o
LOAD Core/Src/system_stm32f1xx.o
LOAD Core/Src/tim.o
LOAD Core/Src/usart.o
LOAD Core/Startup/startup_stm32f103rbtx.o
LOAD Drivers/STM32F1xx_HAL_Driver/Src/stm32f1xx_hal.o
LOAD Drivers/STM32F1xx_HAL_Driver/Src/stm32f1xx_hal_cortex.o
LOAD Drivers/STM32F1xx_HAL_Driver/Src/stm32f1xx_hal_dma.o
LOAD Drivers/STM32F1xx_HAL_Driver/Src/stm32f1xx_hal_exti.o
LOAD Drivers/STM32F1xx_HAL_Driver/Src/stm32f1xx_hal_flash.o
LOAD Drivers/STM32F1xx_HAL_Driver/Src/stm32f1xx_hal_flash_ex.o
LOAD Drivers/STM32F1xx_HAL_Driver/Src/stm32f1xx_hal_gpio.o
LOAD Drivers/STM32F1xx_HAL_Driver/Src/stm32f1xx_hal_gpio_ex.o
LOAD Drivers/STM32F1xx_HAL_Driver/Src/stm32f1xx_hal_i2c.o
LOAD Drivers/STM32F1xx_HAL_Driver/Src/stm32f1xx_hal_pwr.o
LOAD Drivers/STM32F1xx_HAL_Driver/Src/stm32f1xx_hal_rcc.o
LOAD Drivers/STM32F1xx_HAL_Driver/Src/stm32f1xx_hal_rcc_ex.o
LOAD Drivers/STM32F1xx_HAL_Driver/Src/stm32f1xx_hal_tim.o
LOAD Drivers/STM32F1xx_HAL_Driver/Src/stm32f1xx_hal_tim_ex.o
LOAD Drivers/STM32F1xx_HAL_Driver/Src/stm32f1xx_hal_uart.o
START GROUP
LOAD d:/st/stm32cubeide_1.4.0/stm32cubeide/plugins/com.st.stm32cube.ide.mcu.externaltools.gnu-tools-for-stm32.7-2018-q2-update.win32_1.5.0.202011040924/tools/bin/../lib/gcc/arm-none-eabi/7.3.1/../../../../arm-none-eabi/lib/thumb/v7-m\libc_nano.a
LOAD d:/st/stm32cubeide_1.4.0/stm32cubeide/plugins/com.st.stm32cube.ide.mcu.externaltools.gnu-tools-for-stm32.7-2018-q2-update.win32_1.5.0.202011040924/tools/bin/../lib/gcc/arm-none-eabi/7.3.1/../../../../arm-none-eabi/lib/thumb/v7-m\libm.a
END GROUP
START GROUP
LOAD d:/st/stm32cubeide_1.4.0/stm32cubeide/plugins/com.st.stm32cube.ide.mcu.externaltools.gnu-tools-for-stm32.7-2018-q2-update.win32_1.5.0.202011040924/tools/bin/../lib/gcc/arm-none-eabi/7.3.1/thumb/v7-m\libgcc.a
LOAD d:/st/stm32cubeide_1.4.0/stm32cubeide/plugins/com.st.stm32cube.ide.mcu.externaltools.gnu-tools-for-stm32.7-2018-q2-update.win32_1.5.0.202011040924/tools/bin/../lib/gcc/arm-none-eabi/7.3.1/../../../../arm-none-eabi/lib/thumb/v7-m\libc_nano.a
END GROUP
START GROUP
LOAD d:/st/stm32cubeide_1.4.0/stm32cubeide/plugins/com.st.stm32cube.ide.mcu.externaltools.gnu-tools-for-stm32.7-2018-q2-update.win32_1.5.0.202011040924/tools/bin/../lib/gcc/arm-none-eabi/7.3.1/thumb/v7-m\libgcc.a
LOAD d:/st/stm32cubeide_1.4.0/stm32cubeide/plugins/com.st.stm32cube.ide.mcu.externaltools.gnu-tools-for-stm32.7-2018-q2-update.win32_1.5.0.202011040924/tools/bin/../lib/gcc/arm-none-eabi/7.3.1/../../../../arm-none-eabi/lib/thumb/v7-m\libc_nano.a
LOAD d:/st/stm32cubeide_1.4.0/stm32cubeide/plugins/com.st.stm32cube.ide.mcu.externaltools.gnu-tools-for-stm32.7-2018-q2-update.win32_1.5.0.202011040924/tools/bin/../lib/gcc/arm-none-eabi/7.3.1/../../../../arm-none-eabi/lib/thumb/v7-m\libnosys.a
END GROUP
START GROUP
LOAD d:/st/stm32cubeide_1.4.0/stm32cubeide/plugins/com.st.stm32cube.ide.mcu.externaltools.gnu-tools-for-stm32.7-2018-q2-update.win32_1.5.0.202011040924/tools/bin/../lib/gcc/arm-none-eabi/7.3.1/thumb/v7-m\libgcc.a
LOAD d:/st/stm32cubeide_1.4.0/stm32cubeide/plugins/com.st.stm32cube.ide.mcu.externaltools.gnu-tools-for-stm32.7-2018-q2-update.win32_1.5.0.202011040924/tools/bin/../lib/gcc/arm-none-eabi/7.3.1/../../../../arm-none-eabi/lib/thumb/v7-m\libc_nano.a
LOAD d:/st/stm32cubeide_1.4.0/stm32cubeide/plugins/com.st.stm32cube.ide.mcu.externaltools.gnu-tools-for-stm32.7-2018-q2-update.win32_1.5.0.202011040924/tools/bin/../lib/gcc/arm-none-eabi/7.3.1/../../../../arm-none-eabi/lib/thumb/v7-m\libnosys.a
END GROUP
LOAD d:/st/stm32cubeide_1.4.0/stm32cubeide/plugins/com.st.stm32cube.ide.mcu.externaltools.gnu-tools-for-stm32.7-2018-q2-update.win32_1.5.0.202011040924/tools/bin/../lib/gcc/arm-none-eabi/7.3.1/thumb/v7-m/crtend.o
LOAD d:/st/stm32cubeide_1.4.0/stm32cubeide/plugins/com.st.stm32cube.ide.mcu.externaltools.gnu-tools-for-stm32.7-2018-q2-update.win32_1.5.0.202011040924/tools/bin/../lib/gcc/arm-none-eabi/7.3.1/thumb/v7-m/crtn.o
                0x0000000020005000                _estack = (ORIGIN (RAM) + LENGTH (RAM))
                0x0000000000000200                _Min_Heap_Size = 0x200
                0x0000000000000400                _Min_Stack_Size = 0x400

.isr_vector     0x0000000008000000      0x10c
                0x0000000008000000                . = ALIGN (0x4)
 *(.isr_vector)
 .isr_vector    0x0000000008000000      0x10c Core/Startup/startup_stm32f103rbtx.o
                0x0000000008000000                g_pfnVectors
                0x000000000800010c                . = ALIGN (0x4)

.text           0x0000000008000110     0x6520
                0x0000000008000110                . = ALIGN (0x4)
 *(.text)
 .text          0x0000000008000110       0x40 d:/st/stm32cubeide_1.4.0/stm32cubeide/plugins/com.st.stm32cube.ide.mcu.externaltools.gnu-tools-for-stm32.7-2018-q2-update.win32_1.5.0.202011040924/tools/bin/../lib/gcc/arm-none-eabi/7.3.1/thumb/v7-m/crtbegin.o
 .text          0x0000000008000150       0x14 d:/st/stm32cubeide_1.4.0/stm32cubeide/plugins/com.st.stm32cube.ide.mcu.externaltools.gnu-tools-for-stm32.7-2018-q2-update.win32_1.5.0.202011040924/tools/bin/../lib/gcc/arm-none-eabi/7.3.1/../../../../arm-none-eabi/lib/thumb/v7-m\libc_nano.a(lib_a-strcmp.o)
                0x0000000008000150                strcmp
 .text          0x0000000008000164       0x10 d:/st/stm32cubeide_1.4.0/stm32cubeide/plugins/com.st.stm32cube.ide.mcu.externaltools.gnu-tools-for-stm32.7-2018-q2-update.win32_1.5.0.202011040924/tools/bin/../lib/gcc/arm-none-eabi/7.3.1/../../../../arm-none-eabi/lib/thumb/v7-m\libc_nano.a(lib_a-strlen.o)
                0x0000000008000164                strlen
 .text          0x0000000008000174      0x378 d:/st/stm32cubeide_1.4.0/stm32cubeide/plugins/com.st.stm32cube.ide.mcu.externaltools.gnu-tools-for-stm32.7-2018-q2-update.win32_1.5.0.202011040924/tools/bin/../lib/gcc/arm-none-eabi/7.3.1/thumb/v7-m\libgcc.a(_arm_addsubdf3.o)
                0x0000000008000174                __aeabi_drsub
                0x000000000800017c                __aeabi_dsub
                0x000000000800017c                __subdf3
                0x0000000008000180                __aeabi_dadd
                0x0000000008000180                __adddf3
                0x00000000080003f8                __floatunsidf
                0x00000000080003f8                __aeabi_ui2d
                0x0000000008000418                __floatsidf
                0x0000000008000418                __aeabi_i2d
                0x000000000800043c                __aeabi_f2d
                0x000000000800043c                __extendsfdf2
                0x0000000008000480                __floatundidf
                0x0000000008000480                __aeabi_ul2d
                0x0000000008000490                __floatdidf
                0x0000000008000490                __aeabi_l2d
 .text          0x00000000080004ec      0x424 d:/st/stm32cubeide_1.4.0/stm32cubeide/plugins/com.st.stm32cube.ide.mcu.externaltools.gnu-tools-for-stm32.7-2018-q2-update.win32_1.5.0.202011040924/tools/bin/../lib/gcc/arm-none-eabi/7.3.1/thumb/v7-m\libgcc.a(_arm_muldivdf3.o)
                0x00000000080004ec                __aeabi_dmul
                0x00000000080004ec                __muldf3
                0x0000000008000740                __divdf3
                0x0000000008000740                __aeabi_ddiv
 .text          0x0000000008000910      0x110 d:/st/stm32cubeide_1.4.0/stm32cubeide/plugins/com.st.stm32cube.ide.mcu.externaltools.gnu-tools-for-stm32.7-2018-q2-update.win32_1.5.0.202011040924/tools/bin/../lib/gcc/arm-none-eabi/7.3.1/thumb/v7-m\libgcc.a(_arm_cmpdf2.o)
                0x0000000008000910                __gtdf2
                0x0000000008000910                __gedf2
                0x0000000008000918                __ltdf2
                0x0000000008000918                __ledf2
                0x0000000008000920                __nedf2
                0x0000000008000920                __eqdf2
                0x0000000008000920                __cmpdf2
                0x000000000800099c                __aeabi_cdrcmple
                0x00000000080009ac                __aeabi_cdcmpeq
                0x00000000080009ac                __aeabi_cdcmple
                0x00000000080009bc                __aeabi_dcmpeq
                0x00000000080009d0                __aeabi_dcmplt
                0x00000000080009e4                __aeabi_dcmple
                0x00000000080009f8                __aeabi_dcmpge
                0x0000000008000a0c                __aeabi_dcmpgt
 .text          0x0000000008000a20       0x2c d:/st/stm32cubeide_1.4.0/stm32cubeide/plugins/com.st.stm32cube.ide.mcu.externaltools.gnu-tools-for-stm32.7-2018-q2-update.win32_1.5.0.202011040924/tools/bin/../lib/gcc/arm-none-eabi/7.3.1/thumb/v7-m\libgcc.a(_arm_unorddf2.o)
                0x0000000008000a20                __unorddf2
                0x0000000008000a20                __aeabi_dcmpun
 .text          0x0000000008000a4c       0x50 d:/st/stm32cubeide_1.4.0/stm32cubeide/plugins/com.st.stm32cube.ide.mcu.externaltools.gnu-tools-for-stm32.7-2018-q2-update.win32_1.5.0.202011040924/tools/bin/../lib/gcc/arm-none-eabi/7.3.1/thumb/v7-m\libgcc.a(_arm_fixdfsi.o)
                0x0000000008000a4c                __aeabi_d2iz
                0x0000000008000a4c                __fixdfsi
 *(.text*)
 .text.GetPage  0x0000000008000a9c       0x54 Core/Src/FlASH_PAGE.o
 .text.Flash_Write_Data
                0x0000000008000af0       0xd8 Core/Src/FlASH_PAGE.o
                0x0000000008000af0                Flash_Write_Data
 .text.Flash_Read_Data
                0x0000000008000bc8       0x3c Core/Src/FlASH_PAGE.o
                0x0000000008000bc8                Flash_Read_Data
 .text.Convert_To_Str
                0x0000000008000c04       0x7e Core/Src/FlASH_PAGE.o
                0x0000000008000c04                Convert_To_Str
 *fill*         0x0000000008000c82        0x2 
 .text.MX_GPIO_Init
                0x0000000008000c84      0x124 Core/Src/gpio.o
                0x0000000008000c84                MX_GPIO_Init
 .text.MX_I2C1_Init
                0x0000000008000da8       0x5c Core/Src/i2c.o
                0x0000000008000da8                MX_I2C1_Init
 .text.HAL_I2C_MspInit
                0x0000000008000e04       0x7c Core/Src/i2c.o
                0x0000000008000e04                HAL_I2C_MspInit
 .text.lcd_init
                0x0000000008000e80       0x80 Core/Src/lcd_i2c.o
                0x0000000008000e80                lcd_init
 .text.lcd_write
                0x0000000008000f00       0x8c Core/Src/lcd_i2c.o
                0x0000000008000f00                lcd_write
 .text.lcd_display
                0x0000000008000f8c       0xa8 Core/Src/lcd_i2c.o
                0x0000000008000f8c                lcd_display
 .text.lcd_clear
                0x0000000008001034       0x30 Core/Src/lcd_i2c.o
                0x0000000008001034                lcd_clear
 .text.encode_frame
                0x0000000008001064       0x40 Core/Src/main.o
                0x0000000008001064                encode_frame
 .text.fsend    0x00000000080010a4      0x118 Core/Src/main.o
                0x00000000080010a4                fsend
 .text.calc_checksum
                0x00000000080011bc       0x56 Core/Src/main.o
                0x00000000080011bc                calc_checksum
 *fill*         0x0000000008001212        0x2 
 .text.hex_to_dec
                0x0000000008001214      0x108 Core/Src/main.o
                0x0000000008001214                hex_to_dec
 .text.check_cmd
                0x000000000800131c       0xa0 Core/Src/main.o
                0x000000000800131c                check_cmd
 .text.check_frame
                0x00000000080013bc       0xc0 Core/Src/main.o
                0x00000000080013bc                check_frame
 .text.check_pin
                0x000000000800147c       0xac Core/Src/main.o
                0x000000000800147c                check_pin
 .text.read_keypad
                0x0000000008001528      0x280 Core/Src/main.o
                0x0000000008001528                read_keypad
 .text.check_char
                0x00000000080017a8       0x34 Core/Src/main.o
                0x00000000080017a8                check_char
 .text.main     0x00000000080017dc      0x314 Core/Src/main.o
                0x00000000080017dc                main
 .text.SystemClock_Config
                0x0000000008001af0       0x82 Core/Src/main.o
                0x0000000008001af0                SystemClock_Config
 *fill*         0x0000000008001b72        0x2 
 .text.HAL_UART_RxCpltCallback
                0x0000000008001b74       0x44 Core/Src/main.o
                0x0000000008001b74                HAL_UART_RxCpltCallback
 .text.HAL_UART_TxCpltCallback
                0x0000000008001bb8       0x50 Core/Src/main.o
                0x0000000008001bb8                HAL_UART_TxCpltCallback
 .text.Error_Handler
                0x0000000008001c08        0xc Core/Src/main.o
                0x0000000008001c08                Error_Handler
 .text.set_ang  0x0000000008001c14       0x80 Core/Src/servo.o
                0x0000000008001c14                set_ang
 .text.HAL_MspInit
                0x0000000008001c94       0x64 Core/Src/stm32f1xx_hal_msp.o
                0x0000000008001c94                HAL_MspInit
 .text.NMI_Handler
                0x0000000008001cf8        0xc Core/Src/stm32f1xx_it.o
                0x0000000008001cf8                NMI_Handler
 .text.HardFault_Handler
                0x0000000008001d04        0x6 Core/Src/stm32f1xx_it.o
                0x0000000008001d04                HardFault_Handler
 .text.MemManage_Handler
                0x0000000008001d0a        0x6 Core/Src/stm32f1xx_it.o
                0x0000000008001d0a                MemManage_Handler
 .text.BusFault_Handler
                0x0000000008001d10        0x6 Core/Src/stm32f1xx_it.o
                0x0000000008001d10                BusFault_Handler
 .text.UsageFault_Handler
                0x0000000008001d16        0x6 Core/Src/stm32f1xx_it.o
                0x0000000008001d16                UsageFault_Handler
 .text.SVC_Handler
                0x0000000008001d1c        0xc Core/Src/stm32f1xx_it.o
                0x0000000008001d1c                SVC_Handler
 .text.DebugMon_Handler
                0x0000000008001d28        0xc Core/Src/stm32f1xx_it.o
                0x0000000008001d28                DebugMon_Handler
 .text.PendSV_Handler
                0x0000000008001d34        0xc Core/Src/stm32f1xx_it.o
                0x0000000008001d34                PendSV_Handler
 .text.SysTick_Handler
                0x0000000008001d40        0xc Core/Src/stm32f1xx_it.o
                0x0000000008001d40                SysTick_Handler
 .text.USART2_IRQHandler
                0x0000000008001d4c       0x14 Core/Src/stm32f1xx_it.o
                0x0000000008001d4c                USART2_IRQHandler
 .text._sbrk    0x0000000008001d60       0x58 Core/Src/sysmem.o
                0x0000000008001d60                _sbrk
 .text.SystemInit
                0x0000000008001db8       0x68 Core/Src/system_stm32f1xx.o
                0x0000000008001db8                SystemInit
 .text.MX_TIM1_Init
                0x0000000008001e20      0x108 Core/Src/tim.o
                0x0000000008001e20                MX_TIM1_Init
 .text.HAL_TIM_PWM_MspInit
                0x0000000008001f28       0x3c Core/Src/tim.o
                0x0000000008001f28                HAL_TIM_PWM_MspInit
 .text.HAL_TIM_MspPostInit
                0x0000000008001f64       0x68 Core/Src/tim.o
                0x0000000008001f64                HAL_TIM_MspPostInit
 .text.MX_USART2_UART_Init
                0x0000000008001fcc       0x54 Core/Src/usart.o
                0x0000000008001fcc                MX_USART2_UART_Init
 .text.HAL_UART_MspInit
                0x0000000008002020       0xa4 Core/Src/usart.o
                0x0000000008002020                HAL_UART_MspInit
 .text.Reset_Handler
                0x00000000080020c4       0x48 Core/Startup/startup_stm32f103rbtx.o
                0x00000000080020c4                Reset_Handler
 .text.Default_Handler
                0x000000000800210c        0x2 Core/Startup/startup_stm32f103rbtx.o
                0x000000000800210c                RTC_Alarm_IRQHandler
                0x000000000800210c                EXTI2_IRQHandler
                0x000000000800210c                TIM1_CC_IRQHandler
                0x000000000800210c                PVD_IRQHandler
                0x000000000800210c                EXTI3_IRQHandler
                0x000000000800210c                EXTI0_IRQHandler
                0x000000000800210c                I2C2_EV_IRQHandler
                0x000000000800210c                ADC1_2_IRQHandler
                0x000000000800210c                SPI1_IRQHandler
                0x000000000800210c                TAMPER_IRQHandler
                0x000000000800210c                DMA1_Channel4_IRQHandler
                0x000000000800210c                USART3_IRQHandler
                0x000000000800210c                RTC_IRQHandler
                0x000000000800210c                DMA1_Channel7_IRQHandler
                0x000000000800210c                CAN1_RX1_IRQHandler
                0x000000000800210c                TIM4_IRQHandler
                0x000000000800210c                I2C1_EV_IRQHandler
                0x000000000800210c                DMA1_Channel6_IRQHandler
                0x000000000800210c                TIM3_IRQHandler
                0x000000000800210c                RCC_IRQHandler
                0x000000000800210c                TIM1_TRG_COM_IRQHandler
                0x000000000800210c                DMA1_Channel1_IRQHandler
                0x000000000800210c                Default_Handler
                0x000000000800210c                EXTI15_10_IRQHandler
                0x000000000800210c                EXTI9_5_IRQHandler
                0x000000000800210c                SPI2_IRQHandler
                0x000000000800210c                DMA1_Channel5_IRQHandler
                0x000000000800210c                EXTI4_IRQHandler
                0x000000000800210c                USB_LP_CAN1_RX0_IRQHandler
                0x000000000800210c                USB_HP_CAN1_TX_IRQHandler
                0x000000000800210c                DMA1_Channel3_IRQHandler
                0x000000000800210c                TIM1_UP_IRQHandler
                0x000000000800210c                WWDG_IRQHandler
                0x000000000800210c                TIM2_IRQHandler
                0x000000000800210c                TIM1_BRK_IRQHandler
                0x000000000800210c                EXTI1_IRQHandler
                0x000000000800210c                I2C2_ER_IRQHandler
                0x000000000800210c                DMA1_Channel2_IRQHandler
                0x000000000800210c                CAN1_SCE_IRQHandler
                0x000000000800210c                FLASH_IRQHandler
                0x000000000800210c                USART1_IRQHandler
                0x000000000800210c                I2C1_ER_IRQHandler
                0x000000000800210c                USBWakeUp_IRQHandler
 *fill*         0x000000000800210e        0x2 
 .text.HAL_Init
                0x0000000008002110       0x2c Drivers/STM32F1xx_HAL_Driver/Src/stm32f1xx_hal.o
                0x0000000008002110                HAL_Init
 .text.HAL_InitTick
                0x000000000800213c       0x60 Drivers/STM32F1xx_HAL_Driver/Src/stm32f1xx_hal.o
                0x000000000800213c                HAL_InitTick
 .text.HAL_IncTick
                0x000000000800219c       0x24 Drivers/STM32F1xx_HAL_Driver/Src/stm32f1xx_hal.o
                0x000000000800219c                HAL_IncTick
 .text.HAL_GetTick
                0x00000000080021c0       0x14 Drivers/STM32F1xx_HAL_Driver/Src/stm32f1xx_hal.o
                0x00000000080021c0                HAL_GetTick
 .text.HAL_Delay
                0x00000000080021d4       0x44 Drivers/STM32F1xx_HAL_Driver/Src/stm32f1xx_hal.o
                0x00000000080021d4                HAL_Delay
 .text.__NVIC_SetPriorityGrouping
                0x0000000008002218       0x48 Drivers/STM32F1xx_HAL_Driver/Src/stm32f1xx_hal_cortex.o
 .text.__NVIC_GetPriorityGrouping
                0x0000000008002260       0x1c Drivers/STM32F1xx_HAL_Driver/Src/stm32f1xx_hal_cortex.o
 .text.__NVIC_EnableIRQ
                0x000000000800227c       0x38 Drivers/STM32F1xx_HAL_Driver/Src/stm32f1xx_hal_cortex.o
 .text.__NVIC_SetPriority
                0x00000000080022b4       0x54 Drivers/STM32F1xx_HAL_Driver/Src/stm32f1xx_hal_cortex.o
 .text.NVIC_EncodePriority
                0x0000000008002308       0x64 Drivers/STM32F1xx_HAL_Driver/Src/stm32f1xx_hal_cortex.o
 .text.SysTick_Config
                0x000000000800236c       0x44 Drivers/STM32F1xx_HAL_Driver/Src/stm32f1xx_hal_cortex.o
 .text.HAL_NVIC_SetPriorityGrouping
                0x00000000080023b0       0x16 Drivers/STM32F1xx_HAL_Driver/Src/stm32f1xx_hal_cortex.o
                0x00000000080023b0                HAL_NVIC_SetPriorityGrouping
 .text.HAL_NVIC_SetPriority
                0x00000000080023c6       0x38 Drivers/STM32F1xx_HAL_Driver/Src/stm32f1xx_hal_cortex.o
                0x00000000080023c6                HAL_NVIC_SetPriority
 .text.HAL_NVIC_EnableIRQ
                0x00000000080023fe       0x1c Drivers/STM32F1xx_HAL_Driver/Src/stm32f1xx_hal_cortex.o
                0x00000000080023fe                HAL_NVIC_EnableIRQ
 .text.HAL_SYSTICK_Config
                0x000000000800241a       0x18 Drivers/STM32F1xx_HAL_Driver/Src/stm32f1xx_hal_cortex.o
                0x000000000800241a                HAL_SYSTICK_Config
 *fill*         0x0000000008002432        0x2 
 .text.HAL_DMA_Abort_IT
                0x0000000008002434       0xec Drivers/STM32F1xx_HAL_Driver/Src/stm32f1xx_hal_dma.o
                0x0000000008002434                HAL_DMA_Abort_IT
 .text.HAL_FLASH_Program
                0x0000000008002520       0xe0 Drivers/STM32F1xx_HAL_Driver/Src/stm32f1xx_hal_flash.o
                0x0000000008002520                HAL_FLASH_Program
 .text.HAL_FLASH_Unlock
                0x0000000008002600       0x4c Drivers/STM32F1xx_HAL_Driver/Src/stm32f1xx_hal_flash.o
                0x0000000008002600                HAL_FLASH_Unlock
 .text.HAL_FLASH_Lock
                0x000000000800264c       0x20 Drivers/STM32F1xx_HAL_Driver/Src/stm32f1xx_hal_flash.o
                0x000000000800264c                HAL_FLASH_Lock
 .text.HAL_FLASH_GetError
                0x000000000800266c       0x14 Drivers/STM32F1xx_HAL_Driver/Src/stm32f1xx_hal_flash.o
                0x000000000800266c                HAL_FLASH_GetError
 .text.FLASH_Program_HalfWord
                0x0000000008002680       0x38 Drivers/STM32F1xx_HAL_Driver/Src/stm32f1xx_hal_flash.o
 .text.FLASH_WaitForLastOperation
                0x00000000080026b8       0x8c Drivers/STM32F1xx_HAL_Driver/Src/stm32f1xx_hal_flash.o
                0x00000000080026b8                FLASH_WaitForLastOperation
 .text.FLASH_SetErrorCode
                0x0000000008002744       0xa0 Drivers/STM32F1xx_HAL_Driver/Src/stm32f1xx_hal_flash.o
 .text.HAL_FLASHEx_Erase
                0x00000000080027e4       0xd8 Drivers/STM32F1xx_HAL_Driver/Src/stm32f1xx_hal_flash_ex.o
                0x00000000080027e4                HAL_FLASHEx_Erase
 .text.FLASH_MassErase
                0x00000000080028bc       0x38 Drivers/STM32F1xx_HAL_Driver/Src/stm32f1xx_hal_flash_ex.o
 .text.FLASH_PageErase
                0x00000000080028f4       0x40 Drivers/STM32F1xx_HAL_Driver/Src/stm32f1xx_hal_flash_ex.o
                0x00000000080028f4                FLASH_PageErase
 .text.HAL_GPIO_Init
                0x0000000008002934      0x2b4 Drivers/STM32F1xx_HAL_Driver/Src/stm32f1xx_hal_gpio.o
                0x0000000008002934                HAL_GPIO_Init
 .text.HAL_GPIO_ReadPin
                0x0000000008002be8       0x2e Drivers/STM32F1xx_HAL_Driver/Src/stm32f1xx_hal_gpio.o
                0x0000000008002be8                HAL_GPIO_ReadPin
 .text.HAL_GPIO_WritePin
                0x0000000008002c16       0x30 Drivers/STM32F1xx_HAL_Driver/Src/stm32f1xx_hal_gpio.o
                0x0000000008002c16                HAL_GPIO_WritePin
 *fill*         0x0000000008002c46        0x2 
 .text.HAL_I2C_Init
                0x0000000008002c48      0x270 Drivers/STM32F1xx_HAL_Driver/Src/stm32f1xx_hal_i2c.o
                0x0000000008002c48                HAL_I2C_Init
 .text.HAL_I2C_Master_Transmit
                0x0000000008002eb8      0x1fc Drivers/STM32F1xx_HAL_Driver/Src/stm32f1xx_hal_i2c.o
                0x0000000008002eb8                HAL_I2C_Master_Transmit
 .text.I2C_MasterRequestWrite
                0x00000000080030b4      0x104 Drivers/STM32F1xx_HAL_Driver/Src/stm32f1xx_hal_i2c.o
 .text.I2C_WaitOnFlagUntilTimeout
                0x00000000080031b8       0xae Drivers/STM32F1xx_HAL_Driver/Src/stm32f1xx_hal_i2c.o
 .text.I2C_WaitOnMasterAddressFlagUntilTimeout
                0x0000000008003266       0xfe Drivers/STM32F1xx_HAL_Driver/Src/stm32f1xx_hal_i2c.o
 .text.I2C_WaitOnTXEFlagUntilTimeout
                0x0000000008003364       0x82 Drivers/STM32F1xx_HAL_Driver/Src/stm32f1xx_hal_i2c.o
 .text.I2C_WaitOnBTFFlagUntilTimeout
                0x00000000080033e6       0x82 Drivers/STM32F1xx_HAL_Driver/Src/stm32f1xx_hal_i2c.o
 .text.I2C_IsAcknowledgeFailed
                0x0000000008003468       0x5c Drivers/STM32F1xx_HAL_Driver/Src/stm32f1xx_hal_i2c.o
 .text.HAL_RCC_OscConfig
                0x00000000080034c4      0x500 Drivers/STM32F1xx_HAL_Driver/Src/stm32f1xx_hal_rcc.o
                0x00000000080034c4                HAL_RCC_OscConfig
 .text.HAL_RCC_ClockConfig
                0x00000000080039c4      0x1d4 Drivers/STM32F1xx_HAL_Driver/Src/stm32f1xx_hal_rcc.o
                0x00000000080039c4                HAL_RCC_ClockConfig
 .text.HAL_RCC_GetSysClockFreq
                0x0000000008003b98       0xc4 Drivers/STM32F1xx_HAL_Driver/Src/stm32f1xx_hal_rcc.o
                0x0000000008003b98                HAL_RCC_GetSysClockFreq
 .text.HAL_RCC_GetHCLKFreq
                0x0000000008003c5c       0x14 Drivers/STM32F1xx_HAL_Driver/Src/stm32f1xx_hal_rcc.o
                0x0000000008003c5c                HAL_RCC_GetHCLKFreq
 .text.HAL_RCC_GetPCLK1Freq
                0x0000000008003c70       0x28 Drivers/STM32F1xx_HAL_Driver/Src/stm32f1xx_hal_rcc.o
                0x0000000008003c70                HAL_RCC_GetPCLK1Freq
 .text.HAL_RCC_GetPCLK2Freq
                0x0000000008003c98       0x28 Drivers/STM32F1xx_HAL_Driver/Src/stm32f1xx_hal_rcc.o
                0x0000000008003c98                HAL_RCC_GetPCLK2Freq
 .text.RCC_Delay
                0x0000000008003cc0       0x3c Drivers/STM32F1xx_HAL_Driver/Src/stm32f1xx_hal_rcc.o
 .text.HAL_TIM_PWM_Init
                0x0000000008003cfc       0x9e Drivers/STM32F1xx_HAL_Driver/Src/stm32f1xx_hal_tim.o
                0x0000000008003cfc                HAL_TIM_PWM_Init
 *fill*         0x0000000008003d9a        0x2 
 .text.HAL_TIM_PWM_Start
                0x0000000008003d9c      0x144 Drivers/STM32F1xx_HAL_Driver/Src/stm32f1xx_hal_tim.o
                0x0000000008003d9c                HAL_TIM_PWM_Start
 .text.HAL_TIM_PWM_ConfigChannel
                0x0000000008003ee0      0x17c Drivers/STM32F1xx_HAL_Driver/Src/stm32f1xx_hal_tim.o
                0x0000000008003ee0                HAL_TIM_PWM_ConfigChannel
 .text.TIM_Base_SetConfig
                0x000000000800405c       0xc4 Drivers/STM32F1xx_HAL_Driver/Src/stm32f1xx_hal_tim.o
                0x000000000800405c                TIM_Base_SetConfig
 .text.TIM_OC1_SetConfig
                0x0000000008004120       0xcc Drivers/STM32F1xx_HAL_Driver/Src/stm32f1xx_hal_tim.o
 .text.TIM_OC2_SetConfig
                0x00000000080041ec       0xd4 Drivers/STM32F1xx_HAL_Driver/Src/stm32f1xx_hal_tim.o
                0x00000000080041ec                TIM_OC2_SetConfig
 .text.TIM_OC3_SetConfig
                0x00000000080042c0       0xd4 Drivers/STM32F1xx_HAL_Driver/Src/stm32f1xx_hal_tim.o
 .text.TIM_OC4_SetConfig
                0x0000000008004394       0x9c Drivers/STM32F1xx_HAL_Driver/Src/stm32f1xx_hal_tim.o
 .text.TIM_CCxChannelCmd
                0x0000000008004430       0x48 Drivers/STM32F1xx_HAL_Driver/Src/stm32f1xx_hal_tim.o
                0x0000000008004430                TIM_CCxChannelCmd
 .text.HAL_TIMEx_MasterConfigSynchronization
                0x0000000008004478       0xbc Drivers/STM32F1xx_HAL_Driver/Src/stm32f1xx_hal_tim_ex.o
                0x0000000008004478                HAL_TIMEx_MasterConfigSynchronization
 .text.HAL_TIMEx_ConfigBreakDeadTime
                0x0000000008004534       0xa2 Drivers/STM32F1xx_HAL_Driver/Src/stm32f1xx_hal_tim_ex.o
                0x0000000008004534                HAL_TIMEx_ConfigBreakDeadTime
 .text.HAL_UART_Init
                0x00000000080045d6       0x9a Drivers/STM32F1xx_HAL_Driver/Src/stm32f1xx_hal_uart.o
                0x00000000080045d6                HAL_UART_Init
 .text.HAL_UART_Transmit_IT
                0x0000000008004670       0x88 Drivers/STM32F1xx_HAL_Driver/Src/stm32f1xx_hal_uart.o
                0x0000000008004670                HAL_UART_Transmit_IT
 .text.HAL_UART_Receive_IT
                0x00000000080046f8       0xa8 Drivers/STM32F1xx_HAL_Driver/Src/stm32f1xx_hal_uart.o
                0x00000000080046f8                HAL_UART_Receive_IT
 .text.HAL_UART_IRQHandler
                0x00000000080047a0      0x200 Drivers/STM32F1xx_HAL_Driver/Src/stm32f1xx_hal_uart.o
                0x00000000080047a0                HAL_UART_IRQHandler
 .text.HAL_UART_ErrorCallback
                0x00000000080049a0       0x12 Drivers/STM32F1xx_HAL_Driver/Src/stm32f1xx_hal_uart.o
                0x00000000080049a0                HAL_UART_ErrorCallback
 .text.UART_EndRxTransfer
                0x00000000080049b2       0x3a Drivers/STM32F1xx_HAL_Driver/Src/stm32f1xx_hal_uart.o
 .text.UART_DMAAbortOnError
                0x00000000080049ec       0x28 Drivers/STM32F1xx_HAL_Driver/Src/stm32f1xx_hal_uart.o
 .text.UART_Transmit_IT
                0x0000000008004a14       0x9e Drivers/STM32F1xx_HAL_Driver/Src/stm32f1xx_hal_uart.o
 .text.UART_EndTransmit_IT
                0x0000000008004ab2       0x30 Drivers/STM32F1xx_HAL_Driver/Src/stm32f1xx_hal_uart.o
 .text.UART_Receive_IT
                0x0000000008004ae2      0x100 Drivers/STM32F1xx_HAL_Driver/Src/stm32f1xx_hal_uart.o
 *fill*         0x0000000008004be2        0x2 
 .text.UART_SetConfig
                0x0000000008004be4      0x11c Drivers/STM32F1xx_HAL_Driver/Src/stm32f1xx_hal_uart.o
 .text.__errno  0x0000000008004d00        0xc d:/st/stm32cubeide_1.4.0/stm32cubeide/plugins/com.st.stm32cube.ide.mcu.externaltools.gnu-tools-for-stm32.7-2018-q2-update.win32_1.5.0.202011040924/tools/bin/../lib/gcc/arm-none-eabi/7.3.1/../../../../arm-none-eabi/lib/thumb/v7-m\libc_nano.a(lib_a-errno.o)
                0x0000000008004d00                __errno
 .text.__libc_init_array
                0x0000000008004d0c       0x48 d:/st/stm32cubeide_1.4.0/stm32cubeide/plugins/com.st.stm32cube.ide.mcu.externaltools.gnu-tools-for-stm32.7-2018-q2-update.win32_1.5.0.202011040924/tools/bin/../lib/gcc/arm-none-eabi/7.3.1/../../../../arm-none-eabi/lib/thumb/v7-m\libc_nano.a(lib_a-init.o)
                0x0000000008004d0c                __libc_init_array
 .text.memset   0x0000000008004d54       0x10 d:/st/stm32cubeide_1.4.0/stm32cubeide/plugins/com.st.stm32cube.ide.mcu.externaltools.gnu-tools-for-stm32.7-2018-q2-update.win32_1.5.0.202011040924/tools/bin/../lib/gcc/arm-none-eabi/7.3.1/../../../../arm-none-eabi/lib/thumb/v7-m\libc_nano.a(lib_a-memset.o)
                0x0000000008004d54                memset
 .text.sprintf  0x0000000008004d64       0x40 d:/st/stm32cubeide_1.4.0/stm32cubeide/plugins/com.st.stm32cube.ide.mcu.externaltools.gnu-tools-for-stm32.7-2018-q2-update.win32_1.5.0.202011040924/tools/bin/../lib/gcc/arm-none-eabi/7.3.1/../../../../arm-none-eabi/lib/thumb/v7-m\libc_nano.a(lib_a-sprintf.o)
                0x0000000008004d64                siprintf
                0x0000000008004d64                sprintf
 .text._vsprintf_r
                0x0000000008004da4       0x2c d:/st/stm32cubeide_1.4.0/stm32cubeide/plugins/com.st.stm32cube.ide.mcu.externaltools.gnu-tools-for-stm32.7-2018-q2-update.win32_1.5.0.202011040924/tools/bin/../lib/gcc/arm-none-eabi/7.3.1/../../../../arm-none-eabi/lib/thumb/v7-m\libc_nano.a(lib_a-vsprintf.o)
                0x0000000008004da4                _vsprintf_r
                0x0000000008004da4                _vsiprintf_r
 .text.vsprintf
                0x0000000008004dd0       0x14 d:/st/stm32cubeide_1.4.0/stm32cubeide/plugins/com.st.stm32cube.ide.mcu.externaltools.gnu-tools-for-stm32.7-2018-q2-update.win32_1.5.0.202011040924/tools/bin/../lib/gcc/arm-none-eabi/7.3.1/../../../../arm-none-eabi/lib/thumb/v7-m\libc_nano.a(lib_a-vsprintf.o)
                0x0000000008004dd0                vsiprintf
                0x0000000008004dd0                vsprintf
 .text.__ssputs_r
                0x0000000008004de4       0xb4 d:/st/stm32cubeide_1.4.0/stm32cubeide/plugins/com.st.stm32cube.ide.mcu.externaltools.gnu-tools-for-stm32.7-2018-q2-update.win32_1.5.0.202011040924/tools/bin/../lib/gcc/arm-none-eabi/7.3.1/../../../../arm-none-eabi/lib/thumb/v7-m\libc_nano.a(lib_a-nano-svfprintf.o)
                0x0000000008004de4                __ssputs_r
 .text._svfprintf_r
                0x0000000008004e98      0x1f0 d:/st/stm32cubeide_1.4.0/stm32cubeide/plugins/com.st.stm32cube.ide.mcu.externaltools.gnu-tools-for-stm32.7-2018-q2-update.win32_1.5.0.202011040924/tools/bin/../lib/gcc/arm-none-eabi/7.3.1/../../../../arm-none-eabi/lib/thumb/v7-m\libc_nano.a(lib_a-nano-svfprintf.o)
                0x0000000008004e98                _svfiprintf_r
                0x0000000008004e98                _svfprintf_r
 .text._printf_common
                0x0000000008005088       0xec d:/st/stm32cubeide_1.4.0/stm32cubeide/plugins/com.st.stm32cube.ide.mcu.externaltools.gnu-tools-for-stm32.7-2018-q2-update.win32_1.5.0.202011040924/tools/bin/../lib/gcc/arm-none-eabi/7.3.1/../../../../arm-none-eabi/lib/thumb/v7-m\libc_nano.a(lib_a-nano-vfprintf_i.o)
                0x0000000008005088                _printf_common
 .text._printf_i
                0x0000000008005174      0x224 d:/st/stm32cubeide_1.4.0/stm32cubeide/plugins/com.st.stm32cube.ide.mcu.externaltools.gnu-tools-for-stm32.7-2018-q2-update.win32_1.5.0.202011040924/tools/bin/../lib/gcc/arm-none-eabi/7.3.1/../../../../arm-none-eabi/lib/thumb/v7-m\libc_nano.a(lib_a-nano-vfprintf_i.o)
                0x0000000008005174                _printf_i
 .text.memchr   0x0000000008005398       0x1c d:/st/stm32cubeide_1.4.0/stm32cubeide/plugins/com.st.stm32cube.ide.mcu.externaltools.gnu-tools-for-stm32.7-2018-q2-update.win32_1.5.0.202011040924/tools/bin/../lib/gcc/arm-none-eabi/7.3.1/../../../../arm-none-eabi/lib/thumb/v7-m\libc_nano.a(lib_a-memchr-stub.o)
                0x0000000008005398                memchr
 .text.memcpy   0x00000000080053b4       0x16 d:/st/stm32cubeide_1.4.0/stm32cubeide/plugins/com.st.stm32cube.ide.mcu.externaltools.gnu-tools-for-stm32.7-2018-q2-update.win32_1.5.0.202011040924/tools/bin/../lib/gcc/arm-none-eabi/7.3.1/../../../../arm-none-eabi/lib/thumb/v7-m\libc_nano.a(lib_a-memcpy-stub.o)
                0x00000000080053b4                memcpy
 .text.memmove  0x00000000080053ca       0x32 d:/st/stm32cubeide_1.4.0/stm32cubeide/plugins/com.st.stm32cube.ide.mcu.externaltools.gnu-tools-for-stm32.7-2018-q2-update.win32_1.5.0.202011040924/tools/bin/../lib/gcc/arm-none-eabi/7.3.1/../../../../arm-none-eabi/lib/thumb/v7-m\libc_nano.a(lib_a-memmove.o)
                0x00000000080053ca                memmove
 .text._free_r  0x00000000080053fc       0x98 d:/st/stm32cubeide_1.4.0/stm32cubeide/plugins/com.st.stm32cube.ide.mcu.externaltools.gnu-tools-for-stm32.7-2018-q2-update.win32_1.5.0.202011040924/tools/bin/../lib/gcc/arm-none-eabi/7.3.1/../../../../arm-none-eabi/lib/thumb/v7-m\libc_nano.a(lib_a-nano-freer.o)
                0x00000000080053fc                _free_r
 .text._malloc_r
                0x0000000008005494       0xb4 d:/st/stm32cubeide_1.4.0/stm32cubeide/plugins/com.st.stm32cube.ide.mcu.externaltools.gnu-tools-for-stm32.7-2018-q2-update.win32_1.5.0.202011040924/tools/bin/../lib/gcc/arm-none-eabi/7.3.1/../../../../arm-none-eabi/lib/thumb/v7-m\libc_nano.a(lib_a-nano-mallocr.o)
                0x0000000008005494                _malloc_r
 .text._realloc_r
                0x0000000008005548       0x4c d:/st/stm32cubeide_1.4.0/stm32cubeide/plugins/com.st.stm32cube.ide.mcu.externaltools.gnu-tools-for-stm32.7-2018-q2-update.win32_1.5.0.202011040924/tools/bin/../lib/gcc/arm-none-eabi/7.3.1/../../../../arm-none-eabi/lib/thumb/v7-m\libc_nano.a(lib_a-nano-reallocr.o)
                0x0000000008005548                _realloc_r
 .text._sbrk_r  0x0000000008005594       0x20 d:/st/stm32cubeide_1.4.0/stm32cubeide/plugins/com.st.stm32cube.ide.mcu.externaltools.gnu-tools-for-stm32.7-2018-q2-update.win32_1.5.0.202011040924/tools/bin/../lib/gcc/arm-none-eabi/7.3.1/../../../../arm-none-eabi/lib/thumb/v7-m\libc_nano.a(lib_a-sbrkr.o)
                0x0000000008005594                _sbrk_r
 .text.__malloc_lock
                0x00000000080055b4        0x2 d:/st/stm32cubeide_1.4.0/stm32cubeide/plugins/com.st.stm32cube.ide.mcu.externaltools.gnu-tools-for-stm32.7-2018-q2-update.win32_1.5.0.202011040924/tools/bin/../lib/gcc/arm-none-eabi/7.3.1/../../../../arm-none-eabi/lib/thumb/v7-m\libc_nano.a(lib_a-mlock.o)
                0x00000000080055b4                __malloc_lock
 .text.__malloc_unlock
                0x00000000080055b6        0x2 d:/st/stm32cubeide_1.4.0/stm32cubeide/plugins/com.st.stm32cube.ide.mcu.externaltools.gnu-tools-for-stm32.7-2018-q2-update.win32_1.5.0.202011040924/tools/bin/../lib/gcc/arm-none-eabi/7.3.1/../../../../arm-none-eabi/lib/thumb/v7-m\libc_nano.a(lib_a-mlock.o)
                0x00000000080055b6                __malloc_unlock
 .text._malloc_usable_size_r
                0x00000000080055b8       0x10 d:/st/stm32cubeide_1.4.0/stm32cubeide/plugins/com.st.stm32cube.ide.mcu.externaltools.gnu-tools-for-stm32.7-2018-q2-update.win32_1.5.0.202011040924/tools/bin/../lib/gcc/arm-none-eabi/7.3.1/../../../../arm-none-eabi/lib/thumb/v7-m\libc_nano.a(lib_a-nano-msizer.o)
                0x00000000080055b8                _malloc_usable_size_r
 .text.pow      0x00000000080055c8      0x2b8 d:/st/stm32cubeide_1.4.0/stm32cubeide/plugins/com.st.stm32cube.ide.mcu.externaltools.gnu-tools-for-stm32.7-2018-q2-update.win32_1.5.0.202011040924/tools/bin/../lib/gcc/arm-none-eabi/7.3.1/../../../../arm-none-eabi/lib/thumb/v7-m\libm.a(lib_a-w_pow.o)
                0x00000000080055c8                pow
 .text.__ieee754_pow
                0x0000000008005880      0xa14 d:/st/stm32cubeide_1.4.0/stm32cubeide/plugins/com.st.stm32cube.ide.mcu.externaltools.gnu-tools-for-stm32.7-2018-q2-update.win32_1.5.0.202011040924/tools/bin/../lib/gcc/arm-none-eabi/7.3.1/../../../../arm-none-eabi/lib/thumb/v7-m\libm.a(lib_a-e_pow.o)
                0x0000000008005880                __ieee754_pow
 .text.__ieee754_sqrt
                0x0000000008006294      0x158 d:/st/stm32cubeide_1.4.0/stm32cubeide/plugins/com.st.stm32cube.ide.mcu.externaltools.gnu-tools-for-stm32.7-2018-q2-update.win32_1.5.0.202011040924/tools/bin/../lib/gcc/arm-none-eabi/7.3.1/../../../../arm-none-eabi/lib/thumb/v7-m\libm.a(lib_a-e_sqrt.o)
                0x0000000008006294                __ieee754_sqrt
 .text.fabs     0x00000000080063ec        0x8 d:/st/stm32cubeide_1.4.0/stm32cubeide/plugins/com.st.stm32cube.ide.mcu.externaltools.gnu-tools-for-stm32.7-2018-q2-update.win32_1.5.0.202011040924/tools/bin/../lib/gcc/arm-none-eabi/7.3.1/../../../../arm-none-eabi/lib/thumb/v7-m\libm.a(lib_a-s_fabs.o)
                0x00000000080063ec                fabs
 .text.finite   0x00000000080063f4        0xc d:/st/stm32cubeide_1.4.0/stm32cubeide/plugins/com.st.stm32cube.ide.mcu.externaltools.gnu-tools-for-stm32.7-2018-q2-update.win32_1.5.0.202011040924/tools/bin/../lib/gcc/arm-none-eabi/7.3.1/../../../../arm-none-eabi/lib/thumb/v7-m\libm.a(lib_a-s_finite.o)
                0x00000000080063f4                finite
 .text.matherr  0x0000000008006400        0x4 d:/st/stm32cubeide_1.4.0/stm32cubeide/plugins/com.st.stm32cube.ide.mcu.externaltools.gnu-tools-for-stm32.7-2018-q2-update.win32_1.5.0.202011040924/tools/bin/../lib/gcc/arm-none-eabi/7.3.1/../../../../arm-none-eabi/lib/thumb/v7-m\libm.a(lib_a-s_matherr.o)
                0x0000000008006400                matherr
 .text.nan      0x0000000008006404        0xc d:/st/stm32cubeide_1.4.0/stm32cubeide/plugins/com.st.stm32cube.ide.mcu.externaltools.gnu-tools-for-stm32.7-2018-q2-update.win32_1.5.0.202011040924/tools/bin/../lib/gcc/arm-none-eabi/7.3.1/../../../../arm-none-eabi/lib/thumb/v7-m\libm.a(lib_a-s_nan.o)
                0x0000000008006404                nan
 .text.rint     0x0000000008006410      0x114 d:/st/stm32cubeide_1.4.0/stm32cubeide/plugins/com.st.stm32cube.ide.mcu.externaltools.gnu-tools-for-stm32.7-2018-q2-update.win32_1.5.0.202011040924/tools/bin/../lib/gcc/arm-none-eabi/7.3.1/../../../../arm-none-eabi/lib/thumb/v7-m\libm.a(lib_a-s_rint.o)
                0x0000000008006410                rint
 *fill*         0x0000000008006524        0x4 
 .text.scalbn   0x0000000008006528       0xdc d:/st/stm32cubeide_1.4.0/stm32cubeide/plugins/com.st.stm32cube.ide.mcu.externaltools.gnu-tools-for-stm32.7-2018-q2-update.win32_1.5.0.202011040924/tools/bin/../lib/gcc/arm-none-eabi/7.3.1/../../../../arm-none-eabi/lib/thumb/v7-m\libm.a(lib_a-s_scalbn.o)
                0x0000000008006528                scalbn
 .text.copysign
                0x0000000008006604       0x12 d:/st/stm32cubeide_1.4.0/stm32cubeide/plugins/com.st.stm32cube.ide.mcu.externaltools.gnu-tools-for-stm32.7-2018-q2-update.win32_1.5.0.202011040924/tools/bin/../lib/gcc/arm-none-eabi/7.3.1/../../../../arm-none-eabi/lib/thumb/v7-m\libm.a(lib_a-s_copysign.o)
                0x0000000008006604                copysign
 *(.glue_7)
 .glue_7        0x0000000008006616        0x0 linker stubs
 *(.glue_7t)
 .glue_7t       0x0000000008006616        0x0 linker stubs
 *(.eh_frame)
 *fill*         0x0000000008006616        0x2 
 .eh_frame      0x0000000008006618        0x0 d:/st/stm32cubeide_1.4.0/stm32cubeide/plugins/com.st.stm32cube.ide.mcu.externaltools.gnu-tools-for-stm32.7-2018-q2-update.win32_1.5.0.202011040924/tools/bin/../lib/gcc/arm-none-eabi/7.3.1/thumb/v7-m/crtbegin.o
 *(.init)
 .init          0x0000000008006618        0x4 d:/st/stm32cubeide_1.4.0/stm32cubeide/plugins/com.st.stm32cube.ide.mcu.externaltools.gnu-tools-for-stm32.7-2018-q2-update.win32_1.5.0.202011040924/tools/bin/../lib/gcc/arm-none-eabi/7.3.1/thumb/v7-m/crti.o
                0x0000000008006618                _init
 .init          0x000000000800661c        0x8 d:/st/stm32cubeide_1.4.0/stm32cubeide/plugins/com.st.stm32cube.ide.mcu.externaltools.gnu-tools-for-stm32.7-2018-q2-update.win32_1.5.0.202011040924/tools/bin/../lib/gcc/arm-none-eabi/7.3.1/thumb/v7-m/crtn.o
 *(.fini)
 .fini          0x0000000008006624        0x4 d:/st/stm32cubeide_1.4.0/stm32cubeide/plugins/com.st.stm32cube.ide.mcu.externaltools.gnu-tools-for-stm32.7-2018-q2-update.win32_1.5.0.202011040924/tools/bin/../lib/gcc/arm-none-eabi/7.3.1/thumb/v7-m/crti.o
                0x0000000008006624                _fini
 .fini          0x0000000008006628        0x8 d:/st/stm32cubeide_1.4.0/stm32cubeide/plugins/com.st.stm32cube.ide.mcu.externaltools.gnu-tools-for-stm32.7-2018-q2-update.win32_1.5.0.202011040924/tools/bin/../lib/gcc/arm-none-eabi/7.3.1/thumb/v7-m/crtn.o
                0x0000000008006630                . = ALIGN (0x4)
                0x0000000008006630                _etext = .

.vfp11_veneer   0x0000000008006630        0x0
 .vfp11_veneer  0x0000000008006630        0x0 linker stubs

.v4_bx          0x0000000008006630        0x0
 .v4_bx         0x0000000008006630        0x0 linker stubs

.iplt           0x0000000008006630        0x0
 .iplt          0x0000000008006630        0x0 d:/st/stm32cubeide_1.4.0/stm32cubeide/plugins/com.st.stm32cube.ide.mcu.externaltools.gnu-tools-for-stm32.7-2018-q2-update.win32_1.5.0.202011040924/tools/bin/../lib/gcc/arm-none-eabi/7.3.1/thumb/v7-m/crtbegin.o

.rodata         0x0000000008006630      0x158
                0x0000000008006630                . = ALIGN (0x4)
 *(.rodata)
 .rodata        0x0000000008006630       0xae Core/Src/main.o
 *fill*         0x00000000080066de        0x2 
 .rodata        0x00000000080066e0       0x12 Drivers/STM32F1xx_HAL_Driver/Src/stm32f1xx_hal_rcc.o
 *(.rodata*)
 *fill*         0x00000000080066f2        0x2 
 .rodata.AHBPrescTable
                0x00000000080066f4       0x10 Core/Src/system_stm32f1xx.o
                0x00000000080066f4                AHBPrescTable
 .rodata.APBPrescTable
                0x0000000008006704        0x8 Core/Src/system_stm32f1xx.o
                0x0000000008006704                APBPrescTable
 .rodata._svfprintf_r.str1.1
                0x000000000800670c       0x11 d:/st/stm32cubeide_1.4.0/stm32cubeide/plugins/com.st.stm32cube.ide.mcu.externaltools.gnu-tools-for-stm32.7-2018-q2-update.win32_1.5.0.202011040924/tools/bin/../lib/gcc/arm-none-eabi/7.3.1/../../../../arm-none-eabi/lib/thumb/v7-m\libc_nano.a(lib_a-nano-svfprintf.o)
 .rodata._printf_i.str1.1
                0x000000000800671d       0x22 d:/st/stm32cubeide_1.4.0/stm32cubeide/plugins/com.st.stm32cube.ide.mcu.externaltools.gnu-tools-for-stm32.7-2018-q2-update.win32_1.5.0.202011040924/tools/bin/../lib/gcc/arm-none-eabi/7.3.1/../../../../arm-none-eabi/lib/thumb/v7-m\libc_nano.a(lib_a-nano-vfprintf_i.o)
 .rodata.pow.str1.1
                0x000000000800673f        0x4 d:/st/stm32cubeide_1.4.0/stm32cubeide/plugins/com.st.stm32cube.ide.mcu.externaltools.gnu-tools-for-stm32.7-2018-q2-update.win32_1.5.0.202011040924/tools/bin/../lib/gcc/arm-none-eabi/7.3.1/../../../../arm-none-eabi/lib/thumb/v7-m\libm.a(lib_a-w_pow.o)
 .rodata.__ieee754_pow.str1.1
                0x0000000008006743        0x4 d:/st/stm32cubeide_1.4.0/stm32cubeide/plugins/com.st.stm32cube.ide.mcu.externaltools.gnu-tools-for-stm32.7-2018-q2-update.win32_1.5.0.202011040924/tools/bin/../lib/gcc/arm-none-eabi/7.3.1/../../../../arm-none-eabi/lib/thumb/v7-m\libm.a(lib_a-e_pow.o)
                                          0x1 (size before relaxing)
 *fill*         0x0000000008006743        0x5 
 .rodata.bp     0x0000000008006748       0x10 d:/st/stm32cubeide_1.4.0/stm32cubeide/plugins/com.st.stm32cube.ide.mcu.externaltools.gnu-tools-for-stm32.7-2018-q2-update.win32_1.5.0.202011040924/tools/bin/../lib/gcc/arm-none-eabi/7.3.1/../../../../arm-none-eabi/lib/thumb/v7-m\libm.a(lib_a-e_pow.o)
 .rodata.dp_h   0x0000000008006758       0x10 d:/st/stm32cubeide_1.4.0/stm32cubeide/plugins/com.st.stm32cube.ide.mcu.externaltools.gnu-tools-for-stm32.7-2018-q2-update.win32_1.5.0.202011040924/tools/bin/../lib/gcc/arm-none-eabi/7.3.1/../../../../arm-none-eabi/lib/thumb/v7-m\libm.a(lib_a-e_pow.o)
 .rodata.dp_l   0x0000000008006768       0x10 d:/st/stm32cubeide_1.4.0/stm32cubeide/plugins/com.st.stm32cube.ide.mcu.externaltools.gnu-tools-for-stm32.7-2018-q2-update.win32_1.5.0.202011040924/tools/bin/../lib/gcc/arm-none-eabi/7.3.1/../../../../arm-none-eabi/lib/thumb/v7-m\libm.a(lib_a-e_pow.o)
 .rodata.TWO52  0x0000000008006778       0x10 d:/st/stm32cubeide_1.4.0/stm32cubeide/plugins/com.st.stm32cube.ide.mcu.externaltools.gnu-tools-for-stm32.7-2018-q2-update.win32_1.5.0.202011040924/tools/bin/../lib/gcc/arm-none-eabi/7.3.1/../../../../arm-none-eabi/lib/thumb/v7-m\libm.a(lib_a-s_rint.o)
                0x0000000008006788                . = ALIGN (0x4)

.rel.dyn        0x0000000008006788        0x0
 .rel.iplt      0x0000000008006788        0x0 d:/st/stm32cubeide_1.4.0/stm32cubeide/plugins/com.st.stm32cube.ide.mcu.externaltools.gnu-tools-for-stm32.7-2018-q2-update.win32_1.5.0.202011040924/tools/bin/../lib/gcc/arm-none-eabi/7.3.1/thumb/v7-m/crtbegin.o

.ARM.extab      0x0000000008006788        0x0
                0x0000000008006788                . = ALIGN (0x4)
 *(.ARM.extab* .gnu.linkonce.armextab.*)
                0x0000000008006788                . = ALIGN (0x4)

.ARM            0x0000000008006788        0x0
                0x0000000008006788                . = ALIGN (0x4)
                0x0000000008006788                __exidx_start = .
 *(.ARM.exidx*)
                0x0000000008006788                __exidx_end = .
                0x0000000008006788                . = ALIGN (0x4)

.preinit_array  0x0000000008006788        0x0
                0x0000000008006788                . = ALIGN (0x4)
                0x0000000008006788                PROVIDE (__preinit_array_start = .)
 *(.preinit_array*)
                0x0000000008006788                PROVIDE (__preinit_array_end = .)
                0x0000000008006788                . = ALIGN (0x4)

.init_array     0x0000000008006788        0x4
                0x0000000008006788                . = ALIGN (0x4)
                0x0000000008006788                PROVIDE (__init_array_start = .)
 *(SORT_BY_NAME(.init_array.*))
 *(.init_array*)
 .init_array    0x0000000008006788        0x4 d:/st/stm32cubeide_1.4.0/stm32cubeide/plugins/com.st.stm32cube.ide.mcu.externaltools.gnu-tools-for-stm32.7-2018-q2-update.win32_1.5.0.202011040924/tools/bin/../lib/gcc/arm-none-eabi/7.3.1/thumb/v7-m/crtbegin.o
                0x000000000800678c                PROVIDE (__init_array_end = .)
                0x000000000800678c                . = ALIGN (0x4)

.fini_array     0x000000000800678c        0x4
                0x000000000800678c                . = ALIGN (0x4)
                [!provide]                        PROVIDE (__fini_array_start = .)
 *(SORT_BY_NAME(.fini_array.*))
 *(.fini_array*)
 .fini_array    0x000000000800678c        0x4 d:/st/stm32cubeide_1.4.0/stm32cubeide/plugins/com.st.stm32cube.ide.mcu.externaltools.gnu-tools-for-stm32.7-2018-q2-update.win32_1.5.0.202011040924/tools/bin/../lib/gcc/arm-none-eabi/7.3.1/thumb/v7-m/crtbegin.o
                [!provide]                        PROVIDE (__fini_array_end = .)
                0x0000000008006790                . = ALIGN (0x4)
                0x0000000008006790                _sidata = LOADADDR (.data)

.data           0x0000000020000000       0x7c load address 0x0000000008006790
                0x0000000020000000                . = ALIGN (0x4)
                0x0000000020000000                _sdata = .
 *(.data)
 *(.data*)
 .data.key      0x0000000020000000        0x4 Core/Src/main.o
                0x0000000020000000                key
 .data.first_addr
                0x0000000020000004        0x4 Core/Src/main.o
                0x0000000020000004                first_addr
 .data.SystemCoreClock
                0x0000000020000008        0x4 Core/Src/system_stm32f1xx.o
                0x0000000020000008                SystemCoreClock
 .data.uwTickPrio
                0x000000002000000c        0x4 Drivers/STM32F1xx_HAL_Driver/Src/stm32f1xx_hal.o
                0x000000002000000c                uwTickPrio
 .data.uwTickFreq
                0x0000000020000010        0x1 Drivers/STM32F1xx_HAL_Driver/Src/stm32f1xx_hal.o
                0x0000000020000010                uwTickFreq
 *fill*         0x0000000020000011        0x3 
 .data._impure_ptr
                0x0000000020000014        0x4 d:/st/stm32cubeide_1.4.0/stm32cubeide/plugins/com.st.stm32cube.ide.mcu.externaltools.gnu-tools-for-stm32.7-2018-q2-update.win32_1.5.0.202011040924/tools/bin/../lib/gcc/arm-none-eabi/7.3.1/../../../../arm-none-eabi/lib/thumb/v7-m\libc_nano.a(lib_a-impure.o)
                0x0000000020000014                _impure_ptr
 .data.impure_data
                0x0000000020000018       0x60 d:/st/stm32cubeide_1.4.0/stm32cubeide/plugins/com.st.stm32cube.ide.mcu.externaltools.gnu-tools-for-stm32.7-2018-q2-update.win32_1.5.0.202011040924/tools/bin/../lib/gcc/arm-none-eabi/7.3.1/../../../../arm-none-eabi/lib/thumb/v7-m\libc_nano.a(lib_a-impure.o)
 .data.__fdlib_version
                0x0000000020000078        0x1 d:/st/stm32cubeide_1.4.0/stm32cubeide/plugins/com.st.stm32cube.ide.mcu.externaltools.gnu-tools-for-stm32.7-2018-q2-update.win32_1.5.0.202011040924/tools/bin/../lib/gcc/arm-none-eabi/7.3.1/../../../../arm-none-eabi/lib/thumb/v7-m\libm.a(lib_a-s_lib_ver.o)
                0x0000000020000078                __fdlib_version
                0x000000002000007c                . = ALIGN (0x4)
 *fill*         0x0000000020000079        0x3 
                0x000000002000007c                _edata = .

.igot.plt       0x000000002000007c        0x0 load address 0x000000000800680c
 .igot.plt      0x000000002000007c        0x0 d:/st/stm32cubeide_1.4.0/stm32cubeide/plugins/com.st.stm32cube.ide.mcu.externaltools.gnu-tools-for-stm32.7-2018-q2-update.win32_1.5.0.202011040924/tools/bin/../lib/gcc/arm-none-eabi/7.3.1/thumb/v7-m/crtbegin.o
                0x000000002000007c                . = ALIGN (0x4)

.bss            0x0000000020000080      0x424 load address 0x000000000800680c
                0x0000000020000080                _sbss = .
                0x0000000020000080                __bss_start__ = _sbss
 *(.bss)
 .bss           0x0000000020000080       0x1c d:/st/stm32cubeide_1.4.0/stm32cubeide/plugins/com.st.stm32cube.ide.mcu.externaltools.gnu-tools-for-stm32.7-2018-q2-update.win32_1.5.0.202011040924/tools/bin/../lib/gcc/arm-none-eabi/7.3.1/thumb/v7-m/crtbegin.o
 *(.bss*)
 .bss.EraseInitStruct.7508
                0x000000002000009c       0x10 Core/Src/FlASH_PAGE.o
 .bss.cmd_pointer
                0x00000000200000ac        0x1 Core/Src/main.o
                0x00000000200000ac                cmd_pointer
 .bss.pointer_pin
                0x00000000200000ad        0x1 Core/Src/main.o
                0x00000000200000ad                pointer_pin
 .bss.star      0x00000000200000ae        0x1 Core/Src/main.o
                0x00000000200000ae                star
 .bss.open      0x00000000200000af        0x1 Core/Src/main.o
                0x00000000200000af                open
 .bss.frame_activated
                0x00000000200000b0        0x1 Core/Src/main.o
                0x00000000200000b0                frame_activated
 .bss.bad_char  0x00000000200000b1        0x1 Core/Src/main.o
                0x00000000200000b1                bad_char
 *fill*         0x00000000200000b2        0x2 
 .bss.heap_end.5149
                0x00000000200000b4        0x4 Core/Src/sysmem.o
 .bss.__malloc_free_list
                0x00000000200000b8        0x4 d:/st/stm32cubeide_1.4.0/stm32cubeide/plugins/com.st.stm32cube.ide.mcu.externaltools.gnu-tools-for-stm32.7-2018-q2-update.win32_1.5.0.202011040924/tools/bin/../lib/gcc/arm-none-eabi/7.3.1/../../../../arm-none-eabi/lib/thumb/v7-m\libc_nano.a(lib_a-nano-mallocr.o)
                0x00000000200000b8                __malloc_free_list
 .bss.__malloc_sbrk_start
                0x00000000200000bc        0x4 d:/st/stm32cubeide_1.4.0/stm32cubeide/plugins/com.st.stm32cube.ide.mcu.externaltools.gnu-tools-for-stm32.7-2018-q2-update.win32_1.5.0.202011040924/tools/bin/../lib/gcc/arm-none-eabi/7.3.1/../../../../arm-none-eabi/lib/thumb/v7-m\libc_nano.a(lib_a-nano-mallocr.o)
                0x00000000200000bc                __malloc_sbrk_start
 *(COMMON)
 COMMON         0x00000000200000c0       0x54 Core/Src/i2c.o
                0x00000000200000c0                hi2c1
 COMMON         0x0000000020000114      0x2db Core/Src/main.o
                0x0000000020000114                string
                0x000000002000011e                znak
                0x0000000020000120                Rx_Data
                0x0000000020000130                buff_rec
                0x0000000020000233                rec_char
                0x0000000020000234                pin
                0x0000000020000240                buff_send
                0x0000000020000344                disp
                0x0000000020000368                cmd
 *fill*         0x00000000200003ef        0x1 
 COMMON         0x00000000200003f0       0x48 Core/Src/tim.o
                0x00000000200003f0                htim1
 COMMON         0x0000000020000438       0x40 Core/Src/usart.o
                0x0000000020000438                huart2
 COMMON         0x0000000020000478        0x4 Drivers/STM32F1xx_HAL_Driver/Src/stm32f1xx_hal.o
                0x0000000020000478                uwTick
 *fill*         0x000000002000047c        0x4 
 COMMON         0x0000000020000480       0x20 Drivers/STM32F1xx_HAL_Driver/Src/stm32f1xx_hal_flash.o
                0x0000000020000480                pFlash
 COMMON         0x00000000200004a0        0x4 d:/st/stm32cubeide_1.4.0/stm32cubeide/plugins/com.st.stm32cube.ide.mcu.externaltools.gnu-tools-for-stm32.7-2018-q2-update.win32_1.5.0.202011040924/tools/bin/../lib/gcc/arm-none-eabi/7.3.1/../../../../arm-none-eabi/lib/thumb/v7-m\libc_nano.a(lib_a-reent.o)
                0x00000000200004a0                errno
                0x00000000200004a4                . = ALIGN (0x4)
                0x00000000200004a4                _ebss = .
                0x00000000200004a4                __bss_end__ = _ebss

._user_heap_stack
                0x00000000200004a4      0x604 load address 0x000000000800680c
                0x00000000200004a8                . = ALIGN (0x8)
 *fill*         0x00000000200004a4        0x4 
                0x00000000200004a8                PROVIDE (end = .)
                [!provide]                        PROVIDE (_end = .)
                0x00000000200006a8                . = (. + _Min_Heap_Size)
 *fill*         0x00000000200004a8      0x200 
                0x0000000020000aa8                . = (. + _Min_Stack_Size)
 *fill*         0x00000000200006a8      0x400 
                0x0000000020000aa8                . = ALIGN (0x8)

/DISCARD/
 libc.a(*)
 libm.a(*)
 libgcc.a(*)

.ARM.attributes
                0x0000000000000000       0x29
 *(.ARM.attributes)
 .ARM.attributes
                0x0000000000000000       0x1d d:/st/stm32cubeide_1.4.0/stm32cubeide/plugins/com.st.stm32cube.ide.mcu.externaltools.gnu-tools-for-stm32.7-2018-q2-update.win32_1.5.0.202011040924/tools/bin/../lib/gcc/arm-none-eabi/7.3.1/thumb/v7-m/crti.o
 .ARM.attributes
                0x000000000000001d       0x2d d:/st/stm32cubeide_1.4.0/stm32cubeide/plugins/com.st.stm32cube.ide.mcu.externaltools.gnu-tools-for-stm32.7-2018-q2-update.win32_1.5.0.202011040924/tools/bin/../lib/gcc/arm-none-eabi/7.3.1/thumb/v7-m/crtbegin.o
 .ARM.attributes
                0x000000000000004a       0x33 Core/Src/FlASH_PAGE.o
 .ARM.attributes
                0x000000000000007d       0x33 Core/Src/gpio.o
 .ARM.attributes
                0x00000000000000b0       0x33 Core/Src/i2c.o
 .ARM.attributes
                0x00000000000000e3       0x33 Core/Src/lcd_i2c.o
 .ARM.attributes
                0x0000000000000116       0x33 Core/Src/main.o
 .ARM.attributes
                0x0000000000000149       0x33 Core/Src/servo.o
 .ARM.attributes
                0x000000000000017c       0x33 Core/Src/stm32f1xx_hal_msp.o
 .ARM.attributes
                0x00000000000001af       0x33 Core/Src/stm32f1xx_it.o
 .ARM.attributes
                0x00000000000001e2       0x33 Core/Src/sysmem.o
 .ARM.attributes
                0x0000000000000215       0x33 Core/Src/system_stm32f1xx.o
 .ARM.attributes
                0x0000000000000248       0x33 Core/Src/tim.o
 .ARM.attributes
                0x000000000000027b       0x33 Core/Src/usart.o
 .ARM.attributes
                0x00000000000002ae       0x21 Core/Startup/startup_stm32f103rbtx.o
 .ARM.attributes
                0x00000000000002cf       0x33 Drivers/STM32F1xx_HAL_Driver/Src/stm32f1xx_hal.o
 .ARM.attributes
                0x0000000000000302       0x33 Drivers/STM32F1xx_HAL_Driver/Src/stm32f1xx_hal_cortex.o
 .ARM.attributes
                0x0000000000000335       0x33 Drivers/STM32F1xx_HAL_Driver/Src/stm32f1xx_hal_dma.o
 .ARM.attributes
                0x0000000000000368       0x33 Drivers/STM32F1xx_HAL_Driver/Src/stm32f1xx_hal_flash.o
 .ARM.attributes
                0x000000000000039b       0x33 Drivers/STM32F1xx_HAL_Driver/Src/stm32f1xx_hal_flash_ex.o
 .ARM.attributes
                0x00000000000003ce       0x33 Drivers/STM32F1xx_HAL_Driver/Src/stm32f1xx_hal_gpio.o
 .ARM.attributes
                0x0000000000000401       0x33 Drivers/STM32F1xx_HAL_Driver/Src/stm32f1xx_hal_i2c.o
 .ARM.attributes
                0x0000000000000434       0x33 Drivers/STM32F1xx_HAL_Driver/Src/stm32f1xx_hal_rcc.o
 .ARM.attributes
                0x0000000000000467       0x33 Drivers/STM32F1xx_HAL_Driver/Src/stm32f1xx_hal_tim.o
 .ARM.attributes
                0x000000000000049a       0x33 Drivers/STM32F1xx_HAL_Driver/Src/stm32f1xx_hal_tim_ex.o
 .ARM.attributes
                0x00000000000004cd       0x33 Drivers/STM32F1xx_HAL_Driver/Src/stm32f1xx_hal_uart.o
 .ARM.attributes
                0x0000000000000500       0x2d d:/st/stm32cubeide_1.4.0/stm32cubeide/plugins/com.st.stm32cube.ide.mcu.externaltools.gnu-tools-for-stm32.7-2018-q2-update.win32_1.5.0.202011040924/tools/bin/../lib/gcc/arm-none-eabi/7.3.1/../../../../arm-none-eabi/lib/thumb/v7-m\libc_nano.a(lib_a-errno.o)
 .ARM.attributes
                0x000000000000052d       0x2d d:/st/stm32cubeide_1.4.0/stm32cubeide/plugins/com.st.stm32cube.ide.mcu.externaltools.gnu-tools-for-stm32.7-2018-q2-update.win32_1.5.0.202011040924/tools/bin/../lib/gcc/arm-none-eabi/7.3.1/../../../../arm-none-eabi/lib/thumb/v7-m\libc_nano.a(lib_a-impure.o)
 .ARM.attributes
                0x000000000000055a       0x2d d:/st/stm32cubeide_1.4.0/stm32cubeide/plugins/com.st.stm32cube.ide.mcu.externaltools.gnu-tools-for-stm32.7-2018-q2-update.win32_1.5.0.202011040924/tools/bin/../lib/gcc/arm-none-eabi/7.3.1/../../../../arm-none-eabi/lib/thumb/v7-m\libc_nano.a(lib_a-init.o)
 .ARM.attributes
                0x0000000000000587       0x2d d:/st/stm32cubeide_1.4.0/stm32cubeide/plugins/com.st.stm32cube.ide.mcu.externaltools.gnu-tools-for-stm32.7-2018-q2-update.win32_1.5.0.202011040924/tools/bin/../lib/gcc/arm-none-eabi/7.3.1/../../../../arm-none-eabi/lib/thumb/v7-m\libc_nano.a(lib_a-memset.o)
 .ARM.attributes
                0x00000000000005b4       0x2d d:/st/stm32cubeide_1.4.0/stm32cubeide/plugins/com.st.stm32cube.ide.mcu.externaltools.gnu-tools-for-stm32.7-2018-q2-update.win32_1.5.0.202011040924/tools/bin/../lib/gcc/arm-none-eabi/7.3.1/../../../../arm-none-eabi/lib/thumb/v7-m\libc_nano.a(lib_a-sprintf.o)
 .ARM.attributes
                0x00000000000005e1       0x1b d:/st/stm32cubeide_1.4.0/stm32cubeide/plugins/com.st.stm32cube.ide.mcu.externaltools.gnu-tools-for-stm32.7-2018-q2-update.win32_1.5.0.202011040924/tools/bin/../lib/gcc/arm-none-eabi/7.3.1/../../../../arm-none-eabi/lib/thumb/v7-m\libc_nano.a(lib_a-strcmp.o)
 .ARM.attributes
                0x00000000000005fc       0x17 d:/st/stm32cubeide_1.4.0/stm32cubeide/plugins/com.st.stm32cube.ide.mcu.externaltools.gnu-tools-for-stm32.7-2018-q2-update.win32_1.5.0.202011040924/tools/bin/../lib/gcc/arm-none-eabi/7.3.1/../../../../arm-none-eabi/lib/thumb/v7-m\libc_nano.a(lib_a-strlen.o)
 .ARM.attributes
                0x0000000000000613       0x2d d:/st/stm32cubeide_1.4.0/stm32cubeide/plugins/com.st.stm32cube.ide.mcu.externaltools.gnu-tools-for-stm32.7-2018-q2-update.win32_1.5.0.202011040924/tools/bin/../lib/gcc/arm-none-eabi/7.3.1/../../../../arm-none-eabi/lib/thumb/v7-m\libc_nano.a(lib_a-vsprintf.o)
 .ARM.attributes
                0x0000000000000640       0x2d d:/st/stm32cubeide_1.4.0/stm32cubeide/plugins/com.st.stm32cube.ide.mcu.externaltools.gnu-tools-for-stm32.7-2018-q2-update.win32_1.5.0.202011040924/tools/bin/../lib/gcc/arm-none-eabi/7.3.1/../../../../arm-none-eabi/lib/thumb/v7-m\libc_nano.a(lib_a-nano-svfprintf.o)
 .ARM.attributes
                0x000000000000066d       0x2d d:/st/stm32cubeide_1.4.0/stm32cubeide/plugins/com.st.stm32cube.ide.mcu.externaltools.gnu-tools-for-stm32.7-2018-q2-update.win32_1.5.0.202011040924/tools/bin/../lib/gcc/arm-none-eabi/7.3.1/../../../../arm-none-eabi/lib/thumb/v7-m\libc_nano.a(lib_a-nano-vfprintf_i.o)
 .ARM.attributes
                0x000000000000069a       0x2d d:/st/stm32cubeide_1.4.0/stm32cubeide/plugins/com.st.stm32cube.ide.mcu.externaltools.gnu-tools-for-stm32.7-2018-q2-update.win32_1.5.0.202011040924/tools/bin/../lib/gcc/arm-none-eabi/7.3.1/../../../../arm-none-eabi/lib/thumb/v7-m\libc_nano.a(lib_a-memchr-stub.o)
 .ARM.attributes
                0x00000000000006c7       0x2d d:/st/stm32cubeide_1.4.0/stm32cubeide/plugins/com.st.stm32cube.ide.mcu.externaltools.gnu-tools-for-stm32.7-2018-q2-update.win32_1.5.0.202011040924/tools/bin/../lib/gcc/arm-none-eabi/7.3.1/../../../../arm-none-eabi/lib/thumb/v7-m\libc_nano.a(lib_a-memcpy-stub.o)
 .ARM.attributes
                0x00000000000006f4       0x2d d:/st/stm32cubeide_1.4.0/stm32cubeide/plugins/com.st.stm32cube.ide.mcu.externaltools.gnu-tools-for-stm32.7-2018-q2-update.win32_1.5.0.202011040924/tools/bin/../lib/gcc/arm-none-eabi/7.3.1/../../../../arm-none-eabi/lib/thumb/v7-m\libc_nano.a(lib_a-memmove.o)
 .ARM.attributes
                0x0000000000000721       0x2d d:/st/stm32cubeide_1.4.0/stm32cubeide/plugins/com.st.stm32cube.ide.mcu.externaltools.gnu-tools-for-stm32.7-2018-q2-update.win32_1.5.0.202011040924/tools/bin/../lib/gcc/arm-none-eabi/7.3.1/../../../../arm-none-eabi/lib/thumb/v7-m\libc_nano.a(lib_a-nano-freer.o)
 .ARM.attributes
                0x000000000000074e       0x2d d:/st/stm32cubeide_1.4.0/stm32cubeide/plugins/com.st.stm32cube.ide.mcu.externaltools.gnu-tools-for-stm32.7-2018-q2-update.win32_1.5.0.202011040924/tools/bin/../lib/gcc/arm-none-eabi/7.3.1/../../../../arm-none-eabi/lib/thumb/v7-m\libc_nano.a(lib_a-nano-mallocr.o)
 .ARM.attributes
                0x000000000000077b       0x2d d:/st/stm32cubeide_1.4.0/stm32cubeide/plugins/com.st.stm32cube.ide.mcu.externaltools.gnu-tools-for-stm32.7-2018-q2-update.win32_1.5.0.202011040924/tools/bin/../lib/gcc/arm-none-eabi/7.3.1/../../../../arm-none-eabi/lib/thumb/v7-m\libc_nano.a(lib_a-nano-reallocr.o)
 .ARM.attributes
                0x00000000000007a8       0x2d d:/st/stm32cubeide_1.4.0/stm32cubeide/plugins/com.st.stm32cube.ide.mcu.externaltools.gnu-tools-for-stm32.7-2018-q2-update.win32_1.5.0.202011040924/tools/bin/../lib/gcc/arm-none-eabi/7.3.1/../../../../arm-none-eabi/lib/thumb/v7-m\libc_nano.a(lib_a-sbrkr.o)
 .ARM.attributes
                0x00000000000007d5       0x2d d:/st/stm32cubeide_1.4.0/stm32cubeide/plugins/com.st.stm32cube.ide.mcu.externaltools.gnu-tools-for-stm32.7-2018-q2-update.win32_1.5.0.202011040924/tools/bin/../lib/gcc/arm-none-eabi/7.3.1/../../../../arm-none-eabi/lib/thumb/v7-m\libc_nano.a(lib_a-mlock.o)
 .ARM.attributes
                0x0000000000000802       0x2d d:/st/stm32cubeide_1.4.0/stm32cubeide/plugins/com.st.stm32cube.ide.mcu.externaltools.gnu-tools-for-stm32.7-2018-q2-update.win32_1.5.0.202011040924/tools/bin/../lib/gcc/arm-none-eabi/7.3.1/../../../../arm-none-eabi/lib/thumb/v7-m\libc_nano.a(lib_a-nano-msizer.o)
 .ARM.attributes
                0x000000000000082f       0x2d d:/st/stm32cubeide_1.4.0/stm32cubeide/plugins/com.st.stm32cube.ide.mcu.externaltools.gnu-tools-for-stm32.7-2018-q2-update.win32_1.5.0.202011040924/tools/bin/../lib/gcc/arm-none-eabi/7.3.1/../../../../arm-none-eabi/lib/thumb/v7-m\libc_nano.a(lib_a-reent.o)
 .ARM.attributes
                0x000000000000085c       0x2d d:/st/stm32cubeide_1.4.0/stm32cubeide/plugins/com.st.stm32cube.ide.mcu.externaltools.gnu-tools-for-stm32.7-2018-q2-update.win32_1.5.0.202011040924/tools/bin/../lib/gcc/arm-none-eabi/7.3.1/../../../../arm-none-eabi/lib/thumb/v7-m\libm.a(lib_a-w_pow.o)
 .ARM.attributes
                0x0000000000000889       0x2d d:/st/stm32cubeide_1.4.0/stm32cubeide/plugins/com.st.stm32cube.ide.mcu.externaltools.gnu-tools-for-stm32.7-2018-q2-update.win32_1.5.0.202011040924/tools/bin/../lib/gcc/arm-none-eabi/7.3.1/../../../../arm-none-eabi/lib/thumb/v7-m\libm.a(lib_a-e_pow.o)
 .ARM.attributes
                0x00000000000008b6       0x2d d:/st/stm32cubeide_1.4.0/stm32cubeide/plugins/com.st.stm32cube.ide.mcu.externaltools.gnu-tools-for-stm32.7-2018-q2-update.win32_1.5.0.202011040924/tools/bin/../lib/gcc/arm-none-eabi/7.3.1/../../../../arm-none-eabi/lib/thumb/v7-m\libm.a(lib_a-e_sqrt.o)
 .ARM.attributes
                0x00000000000008e3       0x2d d:/st/stm32cubeide_1.4.0/stm32cubeide/plugins/com.st.stm32cube.ide.mcu.externaltools.gnu-tools-for-stm32.7-2018-q2-update.win32_1.5.0.202011040924/tools/bin/../lib/gcc/arm-none-eabi/7.3.1/../../../../arm-none-eabi/lib/thumb/v7-m\libm.a(lib_a-s_fabs.o)
 .ARM.attributes
                0x0000000000000910       0x2d d:/st/stm32cubeide_1.4.0/stm32cubeide/plugins/com.st.stm32cube.ide.mcu.externaltools.gnu-tools-for-stm32.7-2018-q2-update.win32_1.5.0.202011040924/tools/bin/../lib/gcc/arm-none-eabi/7.3.1/../../../../arm-none-eabi/lib/thumb/v7-m\libm.a(lib_a-s_finite.o)
 .ARM.attributes
                0x000000000000093d       0x2d d:/st/stm32cubeide_1.4.0/stm32cubeide/plugins/com.st.stm32cube.ide.mcu.externaltools.gnu-tools-for-stm32.7-2018-q2-update.win32_1.5.0.202011040924/tools/bin/../lib/gcc/arm-none-eabi/7.3.1/../../../../arm-none-eabi/lib/thumb/v7-m\libm.a(lib_a-s_lib_ver.o)
 .ARM.attributes
                0x000000000000096a       0x2d d:/st/stm32cubeide_1.4.0/stm32cubeide/plugins/com.st.stm32cube.ide.mcu.externaltools.gnu-tools-for-stm32.7-2018-q2-update.win32_1.5.0.202011040924/tools/bin/../lib/gcc/arm-none-eabi/7.3.1/../../../../arm-none-eabi/lib/thumb/v7-m\libm.a(lib_a-s_matherr.o)
 .ARM.attributes
                0x0000000000000997       0x2d d:/st/stm32cubeide_1.4.0/stm32cubeide/plugins/com.st.stm32cube.ide.mcu.externaltools.gnu-tools-for-stm32.7-2018-q2-update.win32_1.5.0.202011040924/tools/bin/../lib/gcc/arm-none-eabi/7.3.1/../../../../arm-none-eabi/lib/thumb/v7-m\libm.a(lib_a-s_nan.o)
 .ARM.attributes
                0x00000000000009c4       0x2d d:/st/stm32cubeide_1.4.0/stm32cubeide/plugins/com.st.stm32cube.ide.mcu.externaltools.gnu-tools-for-stm32.7-2018-q2-update.win32_1.5.0.202011040924/tools/bin/../lib/gcc/arm-none-eabi/7.3.1/../../../../arm-none-eabi/lib/thumb/v7-m\libm.a(lib_a-s_rint.o)
 .ARM.attributes
                0x00000000000009f1       0x2d d:/st/stm32cubeide_1.4.0/stm32cubeide/plugins/com.st.stm32cube.ide.mcu.externaltools.gnu-tools-for-stm32.7-2018-q2-update.win32_1.5.0.202011040924/tools/bin/../lib/gcc/arm-none-eabi/7.3.1/../../../../arm-none-eabi/lib/thumb/v7-m\libm.a(lib_a-s_scalbn.o)
 .ARM.attributes
                0x0000000000000a1e       0x2d d:/st/stm32cubeide_1.4.0/stm32cubeide/plugins/com.st.stm32cube.ide.mcu.externaltools.gnu-tools-for-stm32.7-2018-q2-update.win32_1.5.0.202011040924/tools/bin/../lib/gcc/arm-none-eabi/7.3.1/../../../../arm-none-eabi/lib/thumb/v7-m\libm.a(lib_a-s_copysign.o)
 .ARM.attributes
                0x0000000000000a4b       0x1d d:/st/stm32cubeide_1.4.0/stm32cubeide/plugins/com.st.stm32cube.ide.mcu.externaltools.gnu-tools-for-stm32.7-2018-q2-update.win32_1.5.0.202011040924/tools/bin/../lib/gcc/arm-none-eabi/7.3.1/thumb/v7-m\libgcc.a(_arm_addsubdf3.o)
 .ARM.attributes
                0x0000000000000a68       0x1d d:/st/stm32cubeide_1.4.0/stm32cubeide/plugins/com.st.stm32cube.ide.mcu.externaltools.gnu-tools-for-stm32.7-2018-q2-update.win32_1.5.0.202011040924/tools/bin/../lib/gcc/arm-none-eabi/7.3.1/thumb/v7-m\libgcc.a(_arm_muldivdf3.o)
 .ARM.attributes
                0x0000000000000a85       0x1d d:/st/stm32cubeide_1.4.0/stm32cubeide/plugins/com.st.stm32cube.ide.mcu.externaltools.gnu-tools-for-stm32.7-2018-q2-update.win32_1.5.0.202011040924/tools/bin/../lib/gcc/arm-none-eabi/7.3.1/thumb/v7-m\libgcc.a(_arm_cmpdf2.o)
 .ARM.attributes
                0x0000000000000aa2       0x1d d:/st/stm32cubeide_1.4.0/stm32cubeide/plugins/com.st.stm32cube.ide.mcu.externaltools.gnu-tools-for-stm32.7-2018-q2-update.win32_1.5.0.202011040924/tools/bin/../lib/gcc/arm-none-eabi/7.3.1/thumb/v7-m\libgcc.a(_arm_unorddf2.o)
 .ARM.attributes
                0x0000000000000abf       0x1d d:/st/stm32cubeide_1.4.0/stm32cubeide/plugins/com.st.stm32cube.ide.mcu.externaltools.gnu-tools-for-stm32.7-2018-q2-update.win32_1.5.0.202011040924/tools/bin/../lib/gcc/arm-none-eabi/7.3.1/thumb/v7-m\libgcc.a(_arm_fixdfsi.o)
 .ARM.attributes
                0x0000000000000adc       0x1d d:/st/stm32cubeide_1.4.0/stm32cubeide/plugins/com.st.stm32cube.ide.mcu.externaltools.gnu-tools-for-stm32.7-2018-q2-update.win32_1.5.0.202011040924/tools/bin/../lib/gcc/arm-none-eabi/7.3.1/thumb/v7-m/crtn.o
OUTPUT(protokol.elf elf32-littlearm)

.debug_info     0x0000000000000000    0x11692
 .debug_info    0x0000000000000000      0xbf3 Core/Src/FlASH_PAGE.o
 .debug_info    0x0000000000000bf3      0x379 Core/Src/gpio.o
 .debug_info    0x0000000000000f6c      0x842 Core/Src/i2c.o
 .debug_info    0x00000000000017ae      0x77e Core/Src/lcd_i2c.o
 .debug_info    0x0000000000001f2c     0x1c12 Core/Src/main.o
 .debug_info    0x0000000000003b3e      0x6eb Core/Src/servo.o
 .debug_info    0x0000000000004229      0x2d6 Core/Src/stm32f1xx_hal_msp.o
 .debug_info    0x00000000000044ff      0x798 Core/Src/stm32f1xx_it.o
 .debug_info    0x0000000000004c97      0x91c Core/Src/sysmem.o
 .debug_info    0x00000000000055b3      0x43e Core/Src/system_stm32f1xx.o
 .debug_info    0x00000000000059f1      0xa2d Core/Src/tim.o
 .debug_info    0x000000000000641e      0x8f9 Core/Src/usart.o
 .debug_info    0x0000000000006d17       0x22 Core/Startup/startup_stm32f103rbtx.o
 .debug_info    0x0000000000006d39      0x714 Drivers/STM32F1xx_HAL_Driver/Src/stm32f1xx_hal.o
 .debug_info    0x000000000000744d      0xb51 Drivers/STM32F1xx_HAL_Driver/Src/stm32f1xx_hal_cortex.o
 .debug_info    0x0000000000007f9e      0x7b1 Drivers/STM32F1xx_HAL_Driver/Src/stm32f1xx_hal_dma.o
 .debug_info    0x000000000000874f      0x5a4 Drivers/STM32F1xx_HAL_Driver/Src/stm32f1xx_hal_flash.o
 .debug_info    0x0000000000008cf3      0x827 Drivers/STM32F1xx_HAL_Driver/Src/stm32f1xx_hal_flash_ex.o
 .debug_info    0x000000000000951a      0x69b Drivers/STM32F1xx_HAL_Driver/Src/stm32f1xx_hal_gpio.o
 .debug_info    0x0000000000009bb5     0x2555 Drivers/STM32F1xx_HAL_Driver/Src/stm32f1xx_hal_i2c.o
 .debug_info    0x000000000000c10a      0x80f Drivers/STM32F1xx_HAL_Driver/Src/stm32f1xx_hal_rcc.o
 .debug_info    0x000000000000c919     0x27ef Drivers/STM32F1xx_HAL_Driver/Src/stm32f1xx_hal_tim.o
 .debug_info    0x000000000000f108     0x136f Drivers/STM32F1xx_HAL_Driver/Src/stm32f1xx_hal_tim_ex.o
 .debug_info    0x0000000000010477     0x121b Drivers/STM32F1xx_HAL_Driver/Src/stm32f1xx_hal_uart.o

.debug_abbrev   0x0000000000000000     0x2be0
 .debug_abbrev  0x0000000000000000      0x22a Core/Src/FlASH_PAGE.o
 .debug_abbrev  0x000000000000022a      0x134 Core/Src/gpio.o
 .debug_abbrev  0x000000000000035e      0x199 Core/Src/i2c.o
 .debug_abbrev  0x00000000000004f7      0x196 Core/Src/lcd_i2c.o
 .debug_abbrev  0x000000000000068d      0x35d Core/Src/main.o
 .debug_abbrev  0x00000000000009ea      0x16f Core/Src/servo.o
 .debug_abbrev  0x0000000000000b59      0x109 Core/Src/stm32f1xx_hal_msp.o
 .debug_abbrev  0x0000000000000c62      0x15a Core/Src/stm32f1xx_it.o
 .debug_abbrev  0x0000000000000dbc      0x1bb Core/Src/sysmem.o
 .debug_abbrev  0x0000000000000f77      0x134 Core/Src/system_stm32f1xx.o
 .debug_abbrev  0x00000000000010ab      0x1b9 Core/Src/tim.o
 .debug_abbrev  0x0000000000001264      0x1a2 Core/Src/usart.o
 .debug_abbrev  0x0000000000001406       0x12 Core/Startup/startup_stm32f103rbtx.o
 .debug_abbrev  0x0000000000001418      0x1c7 Drivers/STM32F1xx_HAL_Driver/Src/stm32f1xx_hal.o
 .debug_abbrev  0x00000000000015df      0x2d5 Drivers/STM32F1xx_HAL_Driver/Src/stm32f1xx_hal_cortex.o
 .debug_abbrev  0x00000000000018b4      0x1fe Drivers/STM32F1xx_HAL_Driver/Src/stm32f1xx_hal_dma.o
 .debug_abbrev  0x0000000000001ab2      0x210 Drivers/STM32F1xx_HAL_Driver/Src/stm32f1xx_hal_flash.o
 .debug_abbrev  0x0000000000001cc2      0x21b Drivers/STM32F1xx_HAL_Driver/Src/stm32f1xx_hal_flash_ex.o
 .debug_abbrev  0x0000000000001edd      0x1c0 Drivers/STM32F1xx_HAL_Driver/Src/stm32f1xx_hal_gpio.o
 .debug_abbrev  0x000000000000209d      0x258 Drivers/STM32F1xx_HAL_Driver/Src/stm32f1xx_hal_i2c.o
 .debug_abbrev  0x00000000000022f5      0x243 Drivers/STM32F1xx_HAL_Driver/Src/stm32f1xx_hal_rcc.o
 .debug_abbrev  0x0000000000002538      0x230 Drivers/STM32F1xx_HAL_Driver/Src/stm32f1xx_hal_tim.o
 .debug_abbrev  0x0000000000002768      0x236 Drivers/STM32F1xx_HAL_Driver/Src/stm32f1xx_hal_tim_ex.o
 .debug_abbrev  0x000000000000299e      0x242 Drivers/STM32F1xx_HAL_Driver/Src/stm32f1xx_hal_uart.o

.debug_aranges  0x0000000000000000     0x10e8
 .debug_aranges
                0x0000000000000000       0x40 Core/Src/FlASH_PAGE.o
 .debug_aranges
                0x0000000000000040       0x20 Core/Src/gpio.o
 .debug_aranges
                0x0000000000000060       0x30 Core/Src/i2c.o
 .debug_aranges
                0x0000000000000090       0x38 Core/Src/lcd_i2c.o
 .debug_aranges
                0x00000000000000c8       0x90 Core/Src/main.o
 .debug_aranges
                0x0000000000000158       0x20 Core/Src/servo.o
 .debug_aranges
                0x0000000000000178       0x20 Core/Src/stm32f1xx_hal_msp.o
 .debug_aranges
                0x0000000000000198       0x68 Core/Src/stm32f1xx_it.o
 .debug_aranges
                0x0000000000000200       0x20 Core/Src/sysmem.o
 .debug_aranges
                0x0000000000000220       0x28 Core/Src/system_stm32f1xx.o
 .debug_aranges
                0x0000000000000248       0x38 Core/Src/tim.o
 .debug_aranges
                0x0000000000000280       0x30 Core/Src/usart.o
 .debug_aranges
                0x00000000000002b0       0x28 Core/Startup/startup_stm32f103rbtx.o
 .debug_aranges
                0x00000000000002d8       0xe0 Drivers/STM32F1xx_HAL_Driver/Src/stm32f1xx_hal.o
 .debug_aranges
                0x00000000000003b8      0x100 Drivers/STM32F1xx_HAL_Driver/Src/stm32f1xx_hal_cortex.o
 .debug_aranges
                0x00000000000004b8       0x80 Drivers/STM32F1xx_HAL_Driver/Src/stm32f1xx_hal_dma.o
 .debug_aranges
                0x0000000000000538       0x88 Drivers/STM32F1xx_HAL_Driver/Src/stm32f1xx_hal_flash.o
 .debug_aranges
                0x00000000000005c0       0x98 Drivers/STM32F1xx_HAL_Driver/Src/stm32f1xx_hal_flash_ex.o
 .debug_aranges
                0x0000000000000658       0x58 Drivers/STM32F1xx_HAL_Driver/Src/stm32f1xx_hal_gpio.o
 .debug_aranges
                0x00000000000006b0      0x2a0 Drivers/STM32F1xx_HAL_Driver/Src/stm32f1xx_hal_i2c.o
 .debug_aranges
                0x0000000000000950       0x90 Drivers/STM32F1xx_HAL_Driver/Src/stm32f1xx_hal_rcc.o
 .debug_aranges
                0x00000000000009e0      0x3d0 Drivers/STM32F1xx_HAL_Driver/Src/stm32f1xx_hal_tim.o
 .debug_aranges
                0x0000000000000db0      0x168 Drivers/STM32F1xx_HAL_Driver/Src/stm32f1xx_hal_tim_ex.o
 .debug_aranges
                0x0000000000000f18      0x1d0 Drivers/STM32F1xx_HAL_Driver/Src/stm32f1xx_hal_uart.o

.debug_ranges   0x0000000000000000      0xf98
 .debug_ranges  0x0000000000000000       0x30 Core/Src/FlASH_PAGE.o
 .debug_ranges  0x0000000000000030       0x10 Core/Src/gpio.o
 .debug_ranges  0x0000000000000040       0x20 Core/Src/i2c.o
 .debug_ranges  0x0000000000000060       0x28 Core/Src/lcd_i2c.o
 .debug_ranges  0x0000000000000088       0x80 Core/Src/main.o
 .debug_ranges  0x0000000000000108       0x10 Core/Src/servo.o
 .debug_ranges  0x0000000000000118       0x10 Core/Src/stm32f1xx_hal_msp.o
 .debug_ranges  0x0000000000000128       0x58 Core/Src/stm32f1xx_it.o
 .debug_ranges  0x0000000000000180       0x10 Core/Src/sysmem.o
 .debug_ranges  0x0000000000000190       0x18 Core/Src/system_stm32f1xx.o
 .debug_ranges  0x00000000000001a8       0x28 Core/Src/tim.o
 .debug_ranges  0x00000000000001d0       0x20 Core/Src/usart.o
 .debug_ranges  0x00000000000001f0       0x20 Core/Startup/startup_stm32f103rbtx.o
 .debug_ranges  0x0000000000000210       0xd0 Drivers/STM32F1xx_HAL_Driver/Src/stm32f1xx_hal.o
 .debug_ranges  0x00000000000002e0       0xf0 Drivers/STM32F1xx_HAL_Driver/Src/stm32f1xx_hal_cortex.o
 .debug_ranges  0x00000000000003d0       0x70 Drivers/STM32F1xx_HAL_Driver/Src/stm32f1xx_hal_dma.o
 .debug_ranges  0x0000000000000440       0x78 Drivers/STM32F1xx_HAL_Driver/Src/stm32f1xx_hal_flash.o
 .debug_ranges  0x00000000000004b8       0x88 Drivers/STM32F1xx_HAL_Driver/Src/stm32f1xx_hal_flash_ex.o
 .debug_ranges  0x0000000000000540       0x48 Drivers/STM32F1xx_HAL_Driver/Src/stm32f1xx_hal_gpio.o
 .debug_ranges  0x0000000000000588      0x2b8 Drivers/STM32F1xx_HAL_Driver/Src/stm32f1xx_hal_i2c.o
 .debug_ranges  0x0000000000000840       0x80 Drivers/STM32F1xx_HAL_Driver/Src/stm32f1xx_hal_rcc.o
 .debug_ranges  0x00000000000008c0      0x3c0 Drivers/STM32F1xx_HAL_Driver/Src/stm32f1xx_hal_tim.o
 .debug_ranges  0x0000000000000c80      0x158 Drivers/STM32F1xx_HAL_Driver/Src/stm32f1xx_hal_tim_ex.o
 .debug_ranges  0x0000000000000dd8      0x1c0 Drivers/STM32F1xx_HAL_Driver/Src/stm32f1xx_hal_uart.o

.debug_macro    0x0000000000000000    0x1968f
 .debug_macro   0x0000000000000000      0x33d Core/Src/FlASH_PAGE.o
 .debug_macro   0x000000000000033d      0xa5a Core/Src/FlASH_PAGE.o
 .debug_macro   0x0000000000000d97      0x221 Core/Src/FlASH_PAGE.o
 .debug_macro   0x0000000000000fb8       0x2e Core/Src/FlASH_PAGE.o
 .debug_macro   0x0000000000000fe6       0x22 Core/Src/FlASH_PAGE.o
 .debug_macro   0x0000000000001008       0x22 Core/Src/FlASH_PAGE.o
 .debug_macro   0x000000000000102a       0x8e Core/Src/FlASH_PAGE.o
 .debug_macro   0x00000000000010b8       0x51 Core/Src/FlASH_PAGE.o
 .debug_macro   0x0000000000001109       0xef Core/Src/FlASH_PAGE.o
 .debug_macro   0x00000000000011f8       0x6a Core/Src/FlASH_PAGE.o
 .debug_macro   0x0000000000001262      0x1df Core/Src/FlASH_PAGE.o
 .debug_macro   0x0000000000001441       0x1c Core/Src/FlASH_PAGE.o
 .debug_macro   0x000000000000145d       0x22 Core/Src/FlASH_PAGE.o
 .debug_macro   0x000000000000147f       0xc3 Core/Src/FlASH_PAGE.o
 .debug_macro   0x0000000000001542      0xd23 Core/Src/FlASH_PAGE.o
 .debug_macro   0x0000000000002265     0xe097 Core/Src/FlASH_PAGE.o
 .debug_macro   0x00000000000102fc       0x43 Core/Src/FlASH_PAGE.o
 .debug_macro   0x000000000001033f     0x3468 Core/Src/FlASH_PAGE.o
 .debug_macro   0x00000000000137a7      0x174 Core/Src/FlASH_PAGE.o
 .debug_macro   0x000000000001391b       0x5c Core/Src/FlASH_PAGE.o
 .debug_macro   0x0000000000013977      0x5be Core/Src/FlASH_PAGE.o
 .debug_macro   0x0000000000013f35      0x289 Core/Src/FlASH_PAGE.o
 .debug_macro   0x00000000000141be      0x1cb Core/Src/FlASH_PAGE.o
 .debug_macro   0x0000000000014389      0x114 Core/Src/FlASH_PAGE.o
 .debug_macro   0x000000000001449d      0x1b2 Core/Src/FlASH_PAGE.o
 .debug_macro   0x000000000001464f       0x27 Core/Src/FlASH_PAGE.o
 .debug_macro   0x0000000000014676      0x136 Core/Src/FlASH_PAGE.o
 .debug_macro   0x00000000000147ac      0x1bc Core/Src/FlASH_PAGE.o
 .debug_macro   0x0000000000014968       0x34 Core/Src/FlASH_PAGE.o
 .debug_macro   0x000000000001499c       0x3c Core/Src/FlASH_PAGE.o
 .debug_macro   0x00000000000149d8       0x57 Core/Src/FlASH_PAGE.o
 .debug_macro   0x0000000000014a2f       0x88 Core/Src/FlASH_PAGE.o
 .debug_macro   0x0000000000014ab7      0x241 Core/Src/FlASH_PAGE.o
 .debug_macro   0x0000000000014cf8      0x287 Core/Src/FlASH_PAGE.o
 .debug_macro   0x0000000000014f7f      0x141 Core/Src/FlASH_PAGE.o
 .debug_macro   0x00000000000150c0      0x8d1 Core/Src/FlASH_PAGE.o
 .debug_macro   0x0000000000015991      0x26b Core/Src/FlASH_PAGE.o
 .debug_macro   0x0000000000015bfc       0x83 Core/Src/FlASH_PAGE.o
 .debug_macro   0x0000000000015c7f       0x46 Core/Src/FlASH_PAGE.o
 .debug_macro   0x0000000000015cc5       0x18 Core/Src/FlASH_PAGE.o
 .debug_macro   0x0000000000015cdd       0x3c Core/Src/FlASH_PAGE.o
 .debug_macro   0x0000000000015d19       0x34 Core/Src/FlASH_PAGE.o
 .debug_macro   0x0000000000015d4d       0x52 Core/Src/FlASH_PAGE.o
 .debug_macro   0x0000000000015d9f       0x1f Core/Src/FlASH_PAGE.o
 .debug_macro   0x0000000000015dbe       0x43 Core/Src/FlASH_PAGE.o
 .debug_macro   0x0000000000015e01       0x20 Core/Src/FlASH_PAGE.o
 .debug_macro   0x0000000000015e21      0x1a3 Core/Src/FlASH_PAGE.o
 .debug_macro   0x0000000000015fc4      0x32a Core/Src/FlASH_PAGE.o
 .debug_macro   0x00000000000162ee       0x10 Core/Src/FlASH_PAGE.o
 .debug_macro   0x00000000000162fe       0x35 Core/Src/FlASH_PAGE.o
 .debug_macro   0x0000000000016333       0x20 Core/Src/FlASH_PAGE.o
 .debug_macro   0x0000000000016353       0x1c Core/Src/FlASH_PAGE.o
 .debug_macro   0x000000000001636f       0x10 Core/Src/FlASH_PAGE.o
 .debug_macro   0x000000000001637f       0x10 Core/Src/FlASH_PAGE.o
 .debug_macro   0x000000000001638f       0x1c Core/Src/FlASH_PAGE.o
 .debug_macro   0x00000000000163ab       0x52 Core/Src/FlASH_PAGE.o
 .debug_macro   0x00000000000163fd       0x40 Core/Src/FlASH_PAGE.o
 .debug_macro   0x000000000001643d       0x10 Core/Src/FlASH_PAGE.o
 .debug_macro   0x000000000001644d       0x40 Core/Src/FlASH_PAGE.o
 .debug_macro   0x000000000001648d       0xd7 Core/Src/FlASH_PAGE.o
 .debug_macro   0x0000000000016564       0x1c Core/Src/FlASH_PAGE.o
 .debug_macro   0x0000000000016580       0x3d Core/Src/FlASH_PAGE.o
 .debug_macro   0x00000000000165bd       0x16 Core/Src/FlASH_PAGE.o
 .debug_macro   0x00000000000165d3      0x145 Core/Src/FlASH_PAGE.o
 .debug_macro   0x0000000000016718      0x1c6 Core/Src/gpio.o
 .debug_macro   0x00000000000168de       0x64 Core/Src/gpio.o
 .debug_macro   0x0000000000016942      0x1c6 Core/Src/i2c.o
 .debug_macro   0x0000000000016b08      0x1d8 Core/Src/lcd_i2c.o
 .debug_macro   0x0000000000016ce0       0x22 Core/Src/lcd_i2c.o
 .debug_macro   0x0000000000016d02       0x58 Core/Src/lcd_i2c.o
 .debug_macro   0x0000000000016d5a       0x6a Core/Src/lcd_i2c.o
 .debug_macro   0x0000000000016dc4      0x412 Core/Src/main.o
 .debug_macro   0x00000000000171d6       0x4c Core/Src/main.o
 .debug_macro   0x0000000000017222      0x1e1 Core/Src/main.o
 .debug_macro   0x0000000000017403       0x5e Core/Src/main.o
 .debug_macro   0x0000000000017461      0x1d5 Core/Src/servo.o
 .debug_macro   0x0000000000017636       0x2e Core/Src/servo.o
 .debug_macro   0x0000000000017664      0x1bc Core/Src/stm32f1xx_hal_msp.o
 .debug_macro   0x0000000000017820      0x1c6 Core/Src/stm32f1xx_it.o
 .debug_macro   0x00000000000179e6      0x1ae Core/Src/sysmem.o
 .debug_macro   0x0000000000017b94      0x23b Core/Src/sysmem.o
 .debug_macro   0x0000000000017dcf       0x16 Core/Src/sysmem.o
 .debug_macro   0x0000000000017de5      0x1b3 Core/Src/system_stm32f1xx.o
 .debug_macro   0x0000000000017f98      0x1c6 Core/Src/tim.o
 .debug_macro   0x000000000001815e      0x1c6 Core/Src/usart.o
 .debug_macro   0x0000000000018324      0x1d1 Drivers/STM32F1xx_HAL_Driver/Src/stm32f1xx_hal.o
 .debug_macro   0x00000000000184f5      0x1ad Drivers/STM32F1xx_HAL_Driver/Src/stm32f1xx_hal_cortex.o
 .debug_macro   0x00000000000186a2      0x1ad Drivers/STM32F1xx_HAL_Driver/Src/stm32f1xx_hal_dma.o
 .debug_macro   0x000000000001884f      0x1ad Drivers/STM32F1xx_HAL_Driver/Src/stm32f1xx_hal_flash.o
 .debug_macro   0x00000000000189fc      0x1bf Drivers/STM32F1xx_HAL_Driver/Src/stm32f1xx_hal_flash_ex.o
 .debug_macro   0x0000000000018bbb      0x218 Drivers/STM32F1xx_HAL_Driver/Src/stm32f1xx_hal_gpio.o
 .debug_macro   0x0000000000018dd3      0x1f4 Drivers/STM32F1xx_HAL_Driver/Src/stm32f1xx_hal_i2c.o
 .debug_macro   0x0000000000018fc7      0x1bf Drivers/STM32F1xx_HAL_Driver/Src/stm32f1xx_hal_rcc.o
 .debug_macro   0x0000000000019186      0x1ae Drivers/STM32F1xx_HAL_Driver/Src/stm32f1xx_hal_tim.o
 .debug_macro   0x0000000000019334      0x1ad Drivers/STM32F1xx_HAL_Driver/Src/stm32f1xx_hal_tim_ex.o
 .debug_macro   0x00000000000194e1      0x1ae Drivers/STM32F1xx_HAL_Driver/Src/stm32f1xx_hal_uart.o

.debug_line     0x0000000000000000     0xf563
 .debug_line    0x0000000000000000      0x93e Core/Src/FlASH_PAGE.o
 .debug_line    0x000000000000093e      0x6a3 Core/Src/gpio.o
 .debug_line    0x0000000000000fe1      0x6be Core/Src/i2c.o
 .debug_line    0x000000000000169f      0x6fb Core/Src/lcd_i2c.o
 .debug_line    0x0000000000001d9a      0xb69 Core/Src/main.o
 .debug_line    0x0000000000002903      0x69a Core/Src/servo.o
 .debug_line    0x0000000000002f9d      0x68f Core/Src/stm32f1xx_hal_msp.o
 .debug_line    0x000000000000362c      0x744 Core/Src/stm32f1xx_it.o
 .debug_line    0x0000000000003d70      0x55e Core/Src/sysmem.o
 .debug_line    0x00000000000042ce      0x6bf Core/Src/system_stm32f1xx.o
 .debug_line    0x000000000000498d      0x6e7 Core/Src/tim.o
 .debug_line    0x0000000000005074      0x6c7 Core/Src/usart.o
 .debug_line    0x000000000000573b       0x84 Core/Startup/startup_stm32f103rbtx.o
 .debug_line    0x00000000000057bf      0x869 Drivers/STM32F1xx_HAL_Driver/Src/stm32f1xx_hal.o
 .debug_line    0x0000000000006028      0x940 Drivers/STM32F1xx_HAL_Driver/Src/stm32f1xx_hal_cortex.o
 .debug_line    0x0000000000006968      0xace Drivers/STM32F1xx_HAL_Driver/Src/stm32f1xx_hal_dma.o
 .debug_line    0x0000000000007436      0x884 Drivers/STM32F1xx_HAL_Driver/Src/stm32f1xx_hal_flash.o
 .debug_line    0x0000000000007cba      0x8d3 Drivers/STM32F1xx_HAL_Driver/Src/stm32f1xx_hal_flash_ex.o
 .debug_line    0x000000000000858d      0x865 Drivers/STM32F1xx_HAL_Driver/Src/stm32f1xx_hal_gpio.o
 .debug_line    0x0000000000008df2     0x1c0f Drivers/STM32F1xx_HAL_Driver/Src/stm32f1xx_hal_i2c.o
 .debug_line    0x000000000000aa01      0x929 Drivers/STM32F1xx_HAL_Driver/Src/stm32f1xx_hal_rcc.o
 .debug_line    0x000000000000b32a     0x1fc2 Drivers/STM32F1xx_HAL_Driver/Src/stm32f1xx_hal_tim.o
 .debug_line    0x000000000000d2ec     0x12d0 Drivers/STM32F1xx_HAL_Driver/Src/stm32f1xx_hal_tim_ex.o
 .debug_line    0x000000000000e5bc      0xfa7 Drivers/STM32F1xx_HAL_Driver/Src/stm32f1xx_hal_uart.o

.debug_str      0x0000000000000000    0x8e25f
 .debug_str     0x0000000000000000    0x885c8 Core/Src/FlASH_PAGE.o
                                      0x8898e (size before relaxing)
 .debug_str     0x00000000000885c8      0x208 Core/Src/gpio.o
                                      0x84913 (size before relaxing)
 .debug_str     0x00000000000887d0      0x41d Core/Src/i2c.o
                                      0x84d9e (size before relaxing)
 .debug_str     0x0000000000088bed      0x1cf Core/Src/lcd_i2c.o
                                      0x84e83 (size before relaxing)
 .debug_str     0x0000000000088dbc     0x1234 Core/Src/main.o
                                      0x8a38b (size before relaxing)
 .debug_str     0x0000000000089ff0       0xbe Core/Src/servo.o
                                      0x84dc8 (size before relaxing)
 .debug_str     0x000000000008a0ae       0x5a Core/Src/stm32f1xx_hal_msp.o
                                      0x848c9 (size before relaxing)
 .debug_str     0x000000000008a108      0x183 Core/Src/stm32f1xx_it.o
                                      0x84d54 (size before relaxing)
 .debug_str     0x000000000008a28b      0x4e9 Core/Src/sysmem.o
                                       0x7aa9 (size before relaxing)
 .debug_str     0x000000000008a774       0xc2 Core/Src/system_stm32f1xx.o
                                      0x84808 (size before relaxing)
 .debug_str     0x000000000008a836      0x1b8 Core/Src/tim.o
                                      0x84f72 (size before relaxing)
 .debug_str     0x000000000008a9ee      0x2bb Core/Src/usart.o
                                      0x84fb3 (size before relaxing)
 .debug_str     0x000000000008aca9       0x36 Core/Startup/startup_stm32f103rbtx.o
                                         0x4e (size before relaxing)
 .debug_str     0x000000000008acdf      0x304 Drivers/STM32F1xx_HAL_Driver/Src/stm32f1xx_hal.o
                                      0x84e1f (size before relaxing)
 .debug_str     0x000000000008afe3      0x2ac Drivers/STM32F1xx_HAL_Driver/Src/stm32f1xx_hal_cortex.o
                                      0x84e27 (size before relaxing)
 .debug_str     0x000000000008b28f      0x235 Drivers/STM32F1xx_HAL_Driver/Src/stm32f1xx_hal_dma.o
                                      0x84b69 (size before relaxing)
 .debug_str     0x000000000008b4c4      0x286 Drivers/STM32F1xx_HAL_Driver/Src/stm32f1xx_hal_flash.o
                                      0x84a64 (size before relaxing)
 .debug_str     0x000000000008b74a      0x328 Drivers/STM32F1xx_HAL_Driver/Src/stm32f1xx_hal_flash_ex.o
                                      0x84c28 (size before relaxing)
 .debug_str     0x000000000008ba72      0x31f Drivers/STM32F1xx_HAL_Driver/Src/stm32f1xx_hal_gpio.o
                                      0x84b52 (size before relaxing)
 .debug_str     0x000000000008bd91      0xb3f Drivers/STM32F1xx_HAL_Driver/Src/stm32f1xx_hal_i2c.o
                                      0x857ca (size before relaxing)
 .debug_str     0x000000000008c8d0      0x244 Drivers/STM32F1xx_HAL_Driver/Src/stm32f1xx_hal_rcc.o
                                      0x84b8b (size before relaxing)
 .debug_str     0x000000000008cb14      0xdda Drivers/STM32F1xx_HAL_Driver/Src/stm32f1xx_hal_tim.o
                                      0x85b5d (size before relaxing)
 .debug_str     0x000000000008d8ee      0x483 Drivers/STM32F1xx_HAL_Driver/Src/stm32f1xx_hal_tim_ex.o
                                      0x85337 (size before relaxing)
 .debug_str     0x000000000008dd71      0x4ee Drivers/STM32F1xx_HAL_Driver/Src/stm32f1xx_hal_uart.o
                                      0x85091 (size before relaxing)

.comment        0x0000000000000000       0x7b
 .comment       0x0000000000000000       0x7b Core/Src/FlASH_PAGE.o